HASH PASS build\full\impl\pnr\safe_field_tp4.fs 0B04C9DF3F51B408932ED75B754F7F180001F02C50594B14CC685B4CE1BFFE8B
HASH PASS build\debug1_i2s_internal_activity\impl\pnr\debug1_i2s_internal_activity.fs F1011244D4CB641A7526E031E2AC1EB74D4FE4DC12D23CF59E525B5F28BC3EBF
HASH PASS build\debug2_sd_transition_detect\impl\pnr\debug2_sd_transition_detect.fs 372114B1DED654BDE00DE151D9F38EA06A8E66E8FB60C9524E1F16C772DEB475
HASH PASS build\debug3_nonzero_sample\impl\pnr\debug3_nonzero_sample.fs D06F286F0551E4E0AEECF88E2E97021B1B4C2E08C7D90E5B871C962F3E4694A4
HASH PASS build\debug4_low_threshold_audio\impl\pnr\debug4_low_threshold_audio.fs AD16B4EDDCD476633E0FDF755482B63B5AF6174A98C69F762DD75BB30D301487
HASH PASS build\debug5_external_wiring_levels\impl\pnr\debug5_external_wiring_levels.fs 712A05C5102B2D61895761769C386D6521D34BBFBB386F7B33A6B9294380C3D6
HASH PASS build\debug6_low_rate_i2s\impl\pnr\ao_0.fs D930622FF7C1407D33C0EA0B2324B7DFB8892E6FDE08B98F2A4D40F603876105
HASH PASS build\debug7_sd_slot_diagnostic_none\impl\pnr\ao_0.fs 3A6FD06F8B4515DEFF827F42EBC83D1FC56033DE817D147F567D3919C278AE7E
HASH PASS build\debug7_sd_slot_diagnostic_up\impl\pnr\ao_0.fs 4C5ED5A0DE02ABCA1C6E2AF26039A469EF4F7E32958A018E434A798A04EE3DAC
BUILD PASS debug6_low_rate_i2s pinout=PRESERVED sd_pull=DOWN STA=PASS
BUILD PASS debug7_sd_slot_diagnostic_none pinout=PRESERVED sd_pull=NONE STA=PASS
BUILD PASS debug7_sd_slot_diagnostic_up pinout=PRESERVED sd_pull=UP STA=PASS
GATE_A=FAIL_EXPECTED clocks=PASS sd_transitions=0 left_nonzero=0/512 frame_errors=0
GATE_B_CAPTURE PASS_DIAGNOSTIC pull_none SCK=500000 WS=7812.5 frame_sck=64 SD=HIGH_CONSTANT samples=-1x512 errors=0
GATE_B_CAPTURE PASS_DIAGNOSTIC pull_up SCK=500000 WS=7812.5 frame_sck=64 SD=HIGH_CONSTANT samples=-1x512 errors=0
GATE_B_CAPTURE PASS_DIAGNOSTIC pull_up_tone_1000hz SCK=500000 WS=7812.5 frame_sck=64 SD=HIGH_CONSTANT samples=-1x512 errors=0
AUDIO_ACCEPTANCE=FAIL
PRINCIPAL_SUSPECT=INMP441_MODULE_OR_SD_OUTPUT_STAGE
RESIDUAL_ALTERNATIVE=OPEN_CIRCUIT_BETWEEN_INMP441_SD_PAD_AND_FPGA_PIN43
PHYSICAL_EVIDENCE_STRENGTH=STRONG
