started_local=2026-09-03T22:19:10.3988056-03:00
bitstream=C:\SAFE-FIELD\fpga\tp4-audio-inmp441\build\physical_gao\impl\pnr\ao_0.fs
sha256=64A06F844FF63560384455ADA08B7F0C768BBA6A818579F87BDC5F6993968E56
pin_led=10/0
pin_i2s_sck=41/1
pin_pi_signal=40/1
pin_sys_clk=45/1
pin_i2s_sd=43/1
pin_i2s_ws=42/1
operation=4 SRAM Program and Verify
frequency=2.5MHz
--- scan ---
 Scanning!
 Target Cable: Gowin USB Cable(FT2CH)/0/None/null@2.5MHz
Device Info:
 	Family: GW1NSR  
	Name: GW1NSR-4C   
	ID: 0x0100981B  
 1 device(s) found!
 Cost 0.07 second(s)
--- program ---
 Target Cable: Gowin USB Cable(FT2CH)/0/None/null@2.5MHz
 Target Device: GW1NSR-4C(0x0100981B)
 Operation "SRAM Program and Verify" for device#1...

Programing: [                         ] 1%                 
Programing: [                         ] 2%                 
Programing: [                         ] 3%                 
Programing: [#                        ] 4%                 
Programing: [#                        ] 5%                 
Programing: [#                        ] 6%                 
Programing: [#                        ] 7%                 
Programing: [##                       ] 8%                 
Programing: [##                       ] 9%                 
Programing: [##                       ] 10%                 
Programing: [##                       ] 11%                 
Programing: [###                      ] 12%                 
Programing: [###                      ] 13%                 
Programing: [###                      ] 14%                 
Programing: [###                      ] 15%                 
Programing: [####                     ] 16%                 
Programing: [####                     ] 17%                 
Programing: [####                     ] 18%                 
Programing: [####                     ] 19%                 
Programing: [#####                    ] 20%                 
Programing: [#####                    ] 21%                 
Programing: [#####                    ] 22%                 
Programing: [#####                    ] 23%                 
Programing: [######                   ] 24%                 
Programing: [######                   ] 25%                 
Programing: [######                   ] 26%                 
Programing: [######                   ] 27%                 
Programing: [#######                  ] 28%                 
Programing: [#######                  ] 29%                 
Programing: [#######                  ] 30%                 
Programing: [#######                  ] 31%                 
Programing: [########                 ] 32%                 
Programing: [########                 ] 33%                 
Programing: [########                 ] 34%                 
Programing: [########                 ] 35%                 
Programing: [#########                ] 36%                 
Programing: [#########                ] 37%                 
Programing: [#########                ] 38%                 
Programing: [#########                ] 39%                 
Programing: [##########               ] 40%                 
Programing: [##########               ] 41%                 
Programing: [##########               ] 42%                 
Programing: [##########               ] 43%                 
Programing: [###########              ] 44%                 
Programing: [###########              ] 45%                 
Programing: [###########              ] 46%                 
Programing: [###########              ] 47%                 
Programing: [############             ] 48%                 
Programing: [############             ] 49%                 
Programing: [############             ] 50%                 
Programing: [############             ] 51%                 
Programing: [#############            ] 52%                 
Programing: [#############            ] 53%                 
Programing: [#############            ] 54%                 
Programing: [#############            ] 55%                 
Programing: [##############           ] 56%                 
Programing: [##############           ] 57%                 
Programing: [##############           ] 58%                 
Programing: [##############           ] 59%                 
Programing: [###############          ] 60%                 
Programing: [###############          ] 61%                 
Programing: [###############          ] 62%                 
Programing: [###############          ] 63%                 
Programing: [################         ] 64%                 
Programing: [################         ] 65%                 
Programing: [################         ] 66%                 
Programing: [################         ] 67%                 
Programing: [#################        ] 68%                 
Programing: [#################        ] 69%                 
Programing: [#################        ] 70%                 
Programing: [#################        ] 71%                 
Programing: [##################       ] 72%                 
Programing: [##################       ] 73%                 
Programing: [##################       ] 74%                 
Programing: [##################       ] 75%                 
Programing: [###################      ] 76%                 
Programing: [###################      ] 77%                 
Programing: [###################      ] 78%                 
Programing: [###################      ] 79%                 
Programing: [####################     ] 80%                 
Programing: [####################     ] 81%                 
Programing: [####################     ] 82%                 
Programing: [####################     ] 83%                 
Programing: [#####################    ] 84%                 
Programing: [#####################    ] 85%                 
Programing: [#####################    ] 86%                 
Programing: [#####################    ] 87%                 
Programing: [######################   ] 88%                 
Programing: [######################   ] 89%                 
Programing: [######################   ] 90%                 
Programing: [######################   ] 91%                 
Programing: [#######################  ] 92%                 
Programing: [#######################  ] 93%                 
Programing: [#######################  ] 94%                 
Programing: [#######################  ] 95%                 
Programing: [######################## ] 96%                 
Programing: [######################## ] 97%                 
Programing: [######################## ] 98%                 
Programing: [######################## ] 99%                 
Programming...: [#########################] 100%                 

Reading SRAM.: [                         ] 1%                 
Reading SRAM: [                         ] 0%                 
Reading SRAM: [                         ] 0%                 
Reading SRAM: [                         ] 0%                 
Reading SRAM: [                         ] 0%                 
Reading SRAM: [                         ] 0%                 
Reading SRAM: [                         ] 1%                 
Reading SRAM: [                         ] 1%                 
Reading SRAM: [                         ] 1%                 
Reading SRAM: [                         ] 1%                 
Reading SRAM: [                         ] 1%                 
Reading SRAM: [                         ] 2%                 
Reading SRAM: [                         ] 2%                 
Reading SRAM: [                         ] 2%                 
Reading SRAM: [                         ] 2%                 
Reading SRAM: [                         ] 2%                 
Reading SRAM: [                         ] 3%                 
Reading SRAM: [                         ] 3%                 
Reading SRAM: [                         ] 3%                 
Reading SRAM: [                         ] 3%                 
Reading SRAM: [                         ] 3%                 
Reading SRAM: [#                        ] 4%                 
Reading SRAM: [#                        ] 4%                 
Reading SRAM: [#                        ] 4%                 
Reading SRAM: [#                        ] 4%                 
Reading SRAM: [#                        ] 4%                 
Reading SRAM: [#                        ] 5%                 
Reading SRAM: [#                        ] 5%                 
Reading SRAM: [#                        ] 5%                 
Reading SRAM: [#                        ] 5%                 
Reading SRAM: [#                        ] 5%                 
Reading SRAM: [#                        ] 6%                 
Reading SRAM: [#                        ] 6%                 
Reading SRAM: [#                        ] 6%                 
Reading SRAM: [#                        ] 6%                 
Reading SRAM: [#                        ] 6%                 
Reading SRAM: [#                        ] 7%                 
Reading SRAM: [#                        ] 7%                 
Reading SRAM: [#                        ] 7%                 
Reading SRAM: [#                        ] 7%                 
Reading SRAM: [#                        ] 7%                 
Reading SRAM: [##                       ] 8%                 
Reading SRAM: [##                       ] 8%                 
Reading SRAM: [##                       ] 8%                 
Reading SRAM: [##                       ] 8%                 
Reading SRAM: [##                       ] 8%                 
Reading SRAM: [##                       ] 9%                 
Reading SRAM: [##                       ] 9%                 
Reading SRAM: [##                       ] 9%                 
Reading SRAM: [##                       ] 9%                 
Reading SRAM: [##                       ] 9%                 
Reading SRAM: [##                       ] 10%                 
Reading SRAM: [##                       ] 10%                 
Reading SRAM: [##                       ] 10%                 
Reading SRAM: [##                       ] 10%                 
Reading SRAM: [##                       ] 10%                 
Reading SRAM: [##                       ] 11%                 
Reading SRAM: [##                       ] 11%                 
Reading SRAM: [##                       ] 11%                 
Reading SRAM: [##                       ] 11%                 
Reading SRAM: [##                       ] 11%                 
Reading SRAM: [###                      ] 12%                 
Reading SRAM: [###                      ] 12%                 
Reading SRAM: [###                      ] 12%                 
Reading SRAM: [###                      ] 12%                 
Reading SRAM: [###                      ] 12%                 
Reading SRAM: [###                      ] 13%                 
Reading SRAM: [###                      ] 13%                 
Reading SRAM: [###                      ] 13%                 
Reading SRAM: [###                      ] 13%                 
Reading SRAM: [###                      ] 13%                 
Reading SRAM: [###                      ] 14%                 
Reading SRAM: [###                      ] 14%                 
Reading SRAM: [###                      ] 14%                 
Reading SRAM: [###                      ] 14%                 
Reading SRAM: [###                      ] 14%                 
Reading SRAM: [###                      ] 15%                 
Reading SRAM: [###                      ] 15%                 
Reading SRAM: [###                      ] 15%                 
Reading SRAM: [###                      ] 15%                 
Reading SRAM: [###                      ] 15%                 
Reading SRAM: [####                     ] 16%                 
Reading SRAM: [####                     ] 16%                 
Reading SRAM: [####                     ] 16%                 
Reading SRAM: [####                     ] 16%                 
Reading SRAM: [####                     ] 17%                 
Reading SRAM: [####                     ] 17%                 
Reading SRAM: [####                     ] 17%                 
Reading SRAM: [####                     ] 17%                 
Reading SRAM: [####                     ] 17%                 
Reading SRAM: [####                     ] 18%                 
Reading SRAM: [####                     ] 18%                 
Reading SRAM: [####                     ] 18%                 
Reading SRAM: [####                     ] 18%                 
Reading SRAM: [####                     ] 18%                 
Reading SRAM: [####                     ] 19%                 
Reading SRAM: [####                     ] 19%                 
Reading SRAM: [####                     ] 19%                 
Reading SRAM: [####                     ] 19%                 
Reading SRAM: [####                     ] 19%                 
Reading SRAM: [#####                    ] 20%                 
Reading SRAM: [#####                    ] 20%                 
Reading SRAM: [#####                    ] 20%                 
Reading SRAM: [#####                    ] 20%                 
Reading SRAM: [#####                    ] 20%                 
Reading SRAM: [#####                    ] 21%                 
Reading SRAM: [#####                    ] 21%                 
Reading SRAM: [#####                    ] 21%                 
Reading SRAM: [#####                    ] 21%                 
Reading SRAM: [#####                    ] 21%                 
Reading SRAM: [#####                    ] 22%                 
Reading SRAM: [#####                    ] 22%                 
Reading SRAM: [#####                    ] 22%                 
Reading SRAM: [#####                    ] 22%                 
Reading SRAM: [#####                    ] 22%                 
Reading SRAM: [#####                    ] 23%                 
Reading SRAM: [#####                    ] 23%                 
Reading SRAM: [#####                    ] 23%                 
Reading SRAM: [#####                    ] 23%                 
Reading SRAM: [#####                    ] 23%                 
Reading SRAM: [######                   ] 24%                 
Reading SRAM: [######                   ] 24%                 
Reading SRAM: [######                   ] 24%                 
Reading SRAM: [######                   ] 24%                 
Reading SRAM: [######                   ] 24%                 
Reading SRAM: [######                   ] 25%                 
Reading SRAM: [######                   ] 25%                 
Reading SRAM: [######                   ] 25%                 
Reading SRAM: [######                   ] 25%                 
Reading SRAM: [######                   ] 25%                 
Reading SRAM: [######                   ] 26%                 
Reading SRAM: [######                   ] 26%                 
Reading SRAM: [######                   ] 26%                 
Reading SRAM: [######                   ] 26%                 
Reading SRAM: [######                   ] 26%                 
Reading SRAM: [######                   ] 27%                 
Reading SRAM: [######                   ] 27%                 
Reading SRAM: [######                   ] 27%                 
Reading SRAM: [######                   ] 27%                 
Reading SRAM: [######                   ] 27%                 
Reading SRAM: [#######                  ] 28%                 
Reading SRAM: [#######                  ] 28%                 
Reading SRAM: [#######                  ] 28%                 
Reading SRAM: [#######                  ] 28%                 
Reading SRAM: [#######                  ] 28%                 
Reading SRAM: [#######                  ] 29%                 
Reading SRAM: [#######                  ] 29%                 
Reading SRAM: [#######                  ] 29%                 
Reading SRAM: [#######                  ] 29%                 
Reading SRAM: [#######                  ] 29%                 
Reading SRAM: [#######                  ] 30%                 
Reading SRAM: [#######                  ] 30%                 
Reading SRAM: [#######                  ] 30%                 
Reading SRAM: [#######                  ] 30%                 
Reading SRAM: [#######                  ] 30%                 
Reading SRAM: [#######                  ] 31%                 
Reading SRAM: [#######                  ] 31%                 
Reading SRAM: [#######                  ] 31%                 
Reading SRAM: [#######                  ] 31%                 
Reading SRAM: [#######                  ] 31%                 
Reading SRAM: [########                 ] 32%                 
Reading SRAM: [########                 ] 32%                 
Reading SRAM: [########                 ] 32%                 
Reading SRAM: [########                 ] 32%                 
Reading SRAM: [########                 ] 32%                 
Reading SRAM: [########                 ] 33%                 
Reading SRAM: [########                 ] 33%                 
Reading SRAM: [########                 ] 33%                 
Reading SRAM: [########                 ] 33%                 
Reading SRAM: [########                 ] 34%                 
Reading SRAM: [########                 ] 34%                 
Reading SRAM: [########                 ] 34%                 
Reading SRAM: [########                 ] 34%                 
Reading SRAM: [########                 ] 34%                 
Reading SRAM: [########                 ] 35%                 
Reading SRAM: [########                 ] 35%                 
Reading SRAM: [########                 ] 35%                 
Reading SRAM: [########                 ] 35%                 
Reading SRAM: [########                 ] 35%                 
Reading SRAM: [#########                ] 36%                 
Reading SRAM: [#########                ] 36%                 
Reading SRAM: [#########                ] 36%                 
Reading SRAM: [#########                ] 36%                 
Reading SRAM: [#########                ] 36%                 
Reading SRAM: [#########                ] 37%                 
Reading SRAM: [#########                ] 37%                 
Reading SRAM: [#########                ] 37%                 
Reading SRAM: [#########                ] 37%                 
Reading SRAM: [#########                ] 37%                 
Reading SRAM: [#########                ] 38%                 
Reading SRAM: [#########                ] 38%                 
Reading SRAM: [#########                ] 38%                 
Reading SRAM: [#########                ] 38%                 
Reading SRAM: [#########                ] 38%                 
Reading SRAM: [#########                ] 39%                 
Reading SRAM: [#########                ] 39%                 
Reading SRAM: [#########                ] 39%                 
Reading SRAM: [#########                ] 39%                 
Reading SRAM: [#########                ] 39%                 
Reading SRAM: [##########               ] 40%                 
Reading SRAM: [##########               ] 40%                 
Reading SRAM: [##########               ] 40%                 
Reading SRAM: [##########               ] 40%                 
Reading SRAM: [##########               ] 40%                 
Reading SRAM: [##########               ] 41%                 
Reading SRAM: [##########               ] 41%                 
Reading SRAM: [##########               ] 41%                 
Reading SRAM: [##########               ] 41%                 
Reading SRAM: [##########               ] 41%                 
Reading SRAM: [##########               ] 42%                 
Reading SRAM: [##########               ] 42%                 
Reading SRAM: [##########               ] 42%                 
Reading SRAM: [##########               ] 42%                 
Reading SRAM: [##########               ] 42%                 
Reading SRAM: [##########               ] 43%                 
Reading SRAM: [##########               ] 43%                 
Reading SRAM: [##########               ] 43%                 
Reading SRAM: [##########               ] 43%                 
Reading SRAM: [##########               ] 43%                 
Reading SRAM: [###########              ] 44%                 
Reading SRAM: [###########              ] 44%                 
Reading SRAM: [###########              ] 44%                 
Reading SRAM: [###########              ] 44%                 
Reading SRAM: [###########              ] 44%                 
Reading SRAM: [###########              ] 45%                 
Reading SRAM: [###########              ] 45%                 
Reading SRAM: [###########              ] 45%                 
Reading SRAM: [###########              ] 45%                 
Reading SRAM: [###########              ] 45%                 
Reading SRAM: [###########              ] 46%                 
Reading SRAM: [###########              ] 46%                 
Reading SRAM: [###########              ] 46%                 
Reading SRAM: [###########              ] 46%                 
Reading SRAM: [###########              ] 46%                 
Reading SRAM: [###########              ] 47%                 
Reading SRAM: [###########              ] 47%                 
Reading SRAM: [###########              ] 47%                 
Reading SRAM: [###########              ] 47%                 
Reading SRAM: [###########              ] 47%                 
Reading SRAM: [############             ] 48%                 
Reading SRAM: [############             ] 48%                 
Reading SRAM: [############             ] 48%                 
Reading SRAM: [############             ] 48%                 
Reading SRAM: [############             ] 48%                 
Reading SRAM: [############             ] 49%                 
Reading SRAM: [############             ] 49%                 
Reading SRAM: [############             ] 49%                 
Reading SRAM: [############             ] 49%                 
Reading SRAM: [############             ] 50%                 
Reading SRAM: [############             ] 50%                 
Reading SRAM: [############             ] 50%                 
Reading SRAM: [############             ] 50%                 
Reading SRAM: [############             ] 50%                 
Reading SRAM: [############             ] 51%                 
Reading SRAM: [############             ] 51%                 
Reading SRAM: [############             ] 51%                 
Reading SRAM: [############             ] 51%                 
Reading SRAM: [############             ] 51%                 
Reading SRAM: [#############            ] 52%                 
Reading SRAM: [#############            ] 52%                 
Reading SRAM: [#############            ] 52%                 
Reading SRAM: [#############            ] 52%                 
Reading SRAM: [#############            ] 52%                 
Reading SRAM: [#############            ] 53%                 
Reading SRAM: [#############            ] 53%                 
Reading SRAM: [#############            ] 53%                 
Reading SRAM: [#############            ] 53%                 
Reading SRAM: [#############            ] 53%                 
Reading SRAM: [#############            ] 54%                 
Reading SRAM: [#############            ] 54%                 
Reading SRAM: [#############            ] 54%                 
Reading SRAM: [#############            ] 54%                 
Reading SRAM: [#############            ] 54%                 
Reading SRAM: [#############            ] 55%                 
Reading SRAM: [#############            ] 55%                 
Reading SRAM: [#############            ] 55%                 
Reading SRAM: [#############            ] 55%                 
Reading SRAM: [#############            ] 55%                 
Reading SRAM: [##############           ] 56%                 
Reading SRAM: [##############           ] 56%                 
Reading SRAM: [##############           ] 56%                 
Reading SRAM: [##############           ] 56%                 
Reading SRAM: [##############           ] 56%                 
Reading SRAM: [##############           ] 57%                 
Reading SRAM: [##############           ] 57%                 
Reading SRAM: [##############           ] 57%                 
Reading SRAM: [##############           ] 57%                 
Reading SRAM: [##############           ] 57%                 
Reading SRAM: [##############           ] 58%                 
Reading SRAM: [##############           ] 58%                 
Reading SRAM: [##############           ] 58%                 
Reading SRAM: [##############           ] 58%                 
Reading SRAM: [##############           ] 58%                 
Reading SRAM: [##############           ] 59%                 
Reading SRAM: [##############           ] 59%                 
Reading SRAM: [##############           ] 59%                 
Reading SRAM: [##############           ] 59%                 
Reading SRAM: [##############           ] 59%                 
Reading SRAM: [###############          ] 60%                 
Reading SRAM: [###############          ] 60%                 
Reading SRAM: [###############          ] 60%                 
Reading SRAM: [###############          ] 60%                 
Reading SRAM: [###############          ] 60%                 
Reading SRAM: [###############          ] 61%                 
Reading SRAM: [###############          ] 61%                 
Reading SRAM: [###############          ] 61%                 
Reading SRAM: [###############          ] 61%                 
Reading SRAM: [###############          ] 61%                 
Reading SRAM: [###############          ] 62%                 
Reading SRAM: [###############          ] 62%                 
Reading SRAM: [###############          ] 62%                 
Reading SRAM: [###############          ] 62%                 
Reading SRAM: [###############          ] 62%                 
Reading SRAM: [###############          ] 63%                 
Reading SRAM: [###############          ] 63%                 
Reading SRAM: [###############          ] 63%                 
Reading SRAM: [###############          ] 63%                 
Reading SRAM: [###############          ] 63%                 
Reading SRAM: [################         ] 64%                 
Reading SRAM: [################         ] 64%                 
Reading SRAM: [################         ] 64%                 
Reading SRAM: [################         ] 64%                 
Reading SRAM: [################         ] 64%                 
Reading SRAM: [################         ] 65%                 
Reading SRAM: [################         ] 65%                 
Reading SRAM: [################         ] 65%                 
Reading SRAM: [################         ] 65%                 
Reading SRAM: [################         ] 65%                 
Reading SRAM: [################         ] 66%                 
Reading SRAM: [################         ] 66%                 
Reading SRAM: [################         ] 66%                 
Reading SRAM: [################         ] 66%                 
Reading SRAM: [################         ] 67%                 
Reading SRAM: [################         ] 67%                 
Reading SRAM: [################         ] 67%                 
Reading SRAM: [################         ] 67%                 
Reading SRAM: [################         ] 67%                 
Reading SRAM: [#################        ] 68%                 
Reading SRAM: [#################        ] 68%                 
Reading SRAM: [#################        ] 68%                 
Reading SRAM: [#################        ] 68%                 
Reading SRAM: [#################        ] 68%                 
Reading SRAM: [#################        ] 69%                 
Reading SRAM: [#################        ] 69%                 
Reading SRAM: [#################        ] 69%                 
Reading SRAM: [#################        ] 69%                 
Reading SRAM: [#################        ] 69%                 
Reading SRAM: [#################        ] 70%                 
Reading SRAM: [#################        ] 70%                 
Reading SRAM: [#################        ] 70%                 
Reading SRAM: [#################        ] 70%                 
Reading SRAM: [#################        ] 70%                 
Reading SRAM: [#################        ] 71%                 
Reading SRAM: [#################        ] 71%                 
Reading SRAM: [#################        ] 71%                 
Reading SRAM: [#################        ] 71%                 
Reading SRAM: [#################        ] 71%                 
Reading SRAM: [##################       ] 72%                 
Reading SRAM: [##################       ] 72%                 
Reading SRAM: [##################       ] 72%                 
Reading SRAM: [##################       ] 72%                 
Reading SRAM: [##################       ] 72%                 
Reading SRAM: [##################       ] 73%                 
Reading SRAM: [##################       ] 73%                 
Reading SRAM: [##################       ] 73%                 
Reading SRAM: [##################       ] 73%                 
Reading SRAM: [##################       ] 73%                 
Reading SRAM: [##################       ] 74%                 
Reading SRAM: [##################       ] 74%                 
Reading SRAM: [##################       ] 74%                 
Reading SRAM: [##################       ] 74%                 
Reading SRAM: [##################       ] 74%                 
Reading SRAM: [##################       ] 75%                 
Reading SRAM: [##################       ] 75%                 
Reading SRAM: [##################       ] 75%                 
Reading SRAM: [##################       ] 75%                 
Reading SRAM: [##################       ] 75%                 
Reading SRAM: [###################      ] 76%                 
Reading SRAM: [###################      ] 76%                 
Reading SRAM: [###################      ] 76%                 
Reading SRAM: [###################      ] 76%                 
Reading SRAM: [###################      ] 76%                 
Reading SRAM: [###################      ] 77%                 
Reading SRAM: [###################      ] 77%                 
Reading SRAM: [###################      ] 77%                 
Reading SRAM: [###################      ] 77%                 
Reading SRAM: [###################      ] 77%                 
Reading SRAM: [###################      ] 78%                 
Reading SRAM: [###################      ] 78%                 
Reading SRAM: [###################      ] 78%                 
Reading SRAM: [###################      ] 78%                 
Reading SRAM: [###################      ] 78%                 
Reading SRAM: [###################      ] 79%                 
Reading SRAM: [###################      ] 79%                 
Reading SRAM: [###################      ] 79%                 
Reading SRAM: [###################      ] 79%                 
Reading SRAM: [###################      ] 79%                 
Reading SRAM: [####################     ] 80%                 
Reading SRAM: [####################     ] 80%                 
Reading SRAM: [####################     ] 80%                 
Reading SRAM: [####################     ] 80%                 
Reading SRAM: [####################     ] 80%                 
Reading SRAM: [####################     ] 81%                 
Reading SRAM: [####################     ] 81%                 
Reading SRAM: [####################     ] 81%                 
Reading SRAM: [####################     ] 81%                 
Reading SRAM: [####################     ] 81%                 
Reading SRAM: [####################     ] 82%                 
Reading SRAM: [####################     ] 82%                 
Reading SRAM: [####################     ] 82%                 
Reading SRAM: [####################     ] 82%                 
Reading SRAM: [####################     ] 82%                 
Reading SRAM: [####################     ] 83%                 
Reading SRAM: [####################     ] 83%                 
Reading SRAM: [####################     ] 83%                 
Reading SRAM: [####################     ] 83%                 
Reading SRAM: [#####################    ] 84%                 
Reading SRAM: [#####################    ] 84%                 
Reading SRAM: [#####################    ] 84%                 
Reading SRAM: [#####################    ] 84%                 
Reading SRAM: [#####################    ] 84%                 
Reading SRAM: [#####################    ] 85%                 
Reading SRAM: [#####################    ] 85%                 
Reading SRAM: [#####################    ] 85%                 
Reading SRAM: [#####################    ] 85%                 
Reading SRAM: [#####################    ] 85%                 
Reading SRAM: [#####################    ] 86%                 
Reading SRAM: [#####################    ] 86%                 
Reading SRAM: [#####################    ] 86%                 
Reading SRAM: [#####################    ] 86%                 
Reading SRAM: [#####################    ] 86%                 
Reading SRAM: [#####################    ] 87%                 
Reading SRAM: [#####################    ] 87%                 
Reading SRAM: [#####################    ] 87%                 
Reading SRAM: [#####################    ] 87%                 
Reading SRAM: [#####################    ] 87%                 
Reading SRAM: [######################   ] 88%                 
Reading SRAM: [######################   ] 88%                 
Reading SRAM: [######################   ] 88%                 
Reading SRAM: [######################   ] 88%                 
Reading SRAM: [######################   ] 88%                 
Reading SRAM: [######################   ] 89%                 
Reading SRAM: [######################   ] 89%                 
Reading SRAM: [######################   ] 89%                 
Reading SRAM: [######################   ] 89%                 
Reading SRAM: [######################   ] 89%                 
Reading SRAM: [######################   ] 90%                 
Reading SRAM: [######################   ] 90%                 
Reading SRAM: [######################   ] 90%                 
Reading SRAM: [######################   ] 90%                 
Reading SRAM: [######################   ] 90%                 
Reading SRAM: [######################   ] 91%                 
Reading SRAM: [######################   ] 91%                 
Reading SRAM: [######################   ] 91%                 
Reading SRAM: [######################   ] 91%                 
Reading SRAM: [######################   ] 91%                 
Reading SRAM: [#######################  ] 92%                 
Reading SRAM: [#######################  ] 92%                 
Reading SRAM: [#######################  ] 92%                 
Reading SRAM: [#######################  ] 92%                 
Reading SRAM: [#######################  ] 92%                 
Reading SRAM: [#######################  ] 93%                 
Reading SRAM: [#######################  ] 93%                 
Reading SRAM: [#######################  ] 93%                 
Reading SRAM: [#######################  ] 93%                 
Reading SRAM: [#######################  ] 93%                 
Reading SRAM: [#######################  ] 94%                 
Reading SRAM: [#######################  ] 94%                 
Reading SRAM: [#######################  ] 94%                 
Reading SRAM: [#######################  ] 94%                 
Reading SRAM: [#######################  ] 94%                 
Reading SRAM: [#######################  ] 95%                 
Reading SRAM: [#######################  ] 95%                 
Reading SRAM: [#######################  ] 95%                 
Reading SRAM: [#######################  ] 95%                 
Reading SRAM: [#######################  ] 95%                 
Reading SRAM: [######################## ] 96%                 
Reading SRAM: [######################## ] 96%                 
Reading SRAM: [######################## ] 96%                 
Reading SRAM: [######################## ] 96%                 
Reading SRAM: [######################## ] 96%                 
Reading SRAM: [######################## ] 97%                 
Reading SRAM: [######################## ] 97%                 
Reading SRAM: [######################## ] 97%                 
Reading SRAM: [######################## ] 97%                 
Reading SRAM: [######################## ] 97%                 
Reading SRAM: [######################## ] 98%                 
Reading SRAM: [######################## ] 98%                 
Reading SRAM: [######################## ] 98%                 
Reading SRAM: [######################## ] 98%                 
Reading SRAM: [######################## ] 98%                 
Reading SRAM: [######################## ] 99%                 
Reading SRAM: [######################## ] 99%                 
Reading SRAM: [######################## ] 99%                 
Reading SRAM: [######################## ] 99%                 
Reading SRAM: [#########################] 100%                 
 User Code is: 0x00002B72
 Status Code is: 0x0003F020

Error: Verify Failed
 Finished.
 Cost 3.91 second(s)
program_exit_code=18
finished_local=2026-09-03T22:19:14.7421786-03:00
