esptool v5.3.1
Serial port COM7:
Connecting...
Connected to ESP32-S3 on COM7:
Chip type:          ESP32-S3 (QFN56) (revision v0.2)
Features:           Wi-Fi, BT 5 (LE), Dual Core + LP Core, 240MHz, Embedded PSRAM 8MB (AP_3v3)
Crystal frequency:  40MHz
USB mode:           USB-Serial/JTAG
MAC:                28:84:85:b5:00:0c

Uploading stub flasher...
Running stub flasher...
Stub flasher running.
Changing baud rate to 921600...
Changed.

Configuring flash size...

Writing 'C:\SAFE-FIELD\fpga\tp4-audio-inmp441\wearable\safe_field_capture_sync\build/safe_field_capture_sync.ino.bootloader.bin' at 0x00000000...
No changed sectors found, verifying if data is in flash...
'C:\SAFE-FIELD\fpga\tp4-audio-inmp441\wearable\safe_field_capture_sync\build/safe_field_capture_sync.ino.bootloader.bin' at 0x00000000 verified.

Writing 'C:\SAFE-FIELD\fpga\tp4-audio-inmp441\wearable\safe_field_capture_sync\build/safe_field_capture_sync.ino.partitions.bin' at 0x00008000...
No changed sectors found, verifying if data is in flash...
'C:\SAFE-FIELD\fpga\tp4-audio-inmp441\wearable\safe_field_capture_sync\build/safe_field_capture_sync.ino.partitions.bin' at 0x00008000 verified.

Writing 'C:\SAFE-FIELD\tools\arduino-cli-1.5.1\data\packages\esp32\hardware\esp32\3.3.11/tools/partitions/boot_app0.bin' at 0x0000e000...
Flash will be erased from 0x0000e000 to 0x0000ffff...
Compressed 8192 bytes to 47...

Writing at 0x0000e000 [                              ]   0.0% 0/47 bytes... 

Writing at 0x00010000 [==============================] 100.0% 47/47 bytes... 
Wrote 8192 bytes (47 compressed) at 0x0000e000 in 0.1 seconds (746.2 kbit/s).
Verifying written data...
Hash of data verified.

Writing 'C:\SAFE-FIELD\fpga\tp4-audio-inmp441\wearable\safe_field_capture_sync\build/safe_field_capture_sync.ino.bin' at 0x00010000...
No changed sectors found, verifying if data is in flash...
Note: Data not found in flash, flashing the whole image...
Flash will be erased from 0x00010000 to 0x0011dfff...
Compressed 1102096 bytes to 713723...

Writing at 0x00010000 [                              ]   0.0% 0/713723 bytes... 

Writing at 0x0001be24 [                              ]   2.3% 16384/713723 bytes... 

Writing at 0x00029766 [>                             ]   4.6% 32768/713723 bytes... 

Writing at 0x00033d6c [=>                            ]   6.9% 49152/713723 bytes... 

Writing at 0x0003d9d5 [=>                            ]   9.2% 65536/713723 bytes... 

Writing at 0x00045605 [==>                           ]  11.5% 81920/713723 bytes... 

Writing at 0x0004b62c [===>                          ]  13.8% 98304/713723 bytes... 

Writing at 0x00050ea7 [===>                          ]  16.1% 114688/713723 bytes... 

Writing at 0x00056c5d [====>                         ]  18.4% 131072/713723 bytes... 

Writing at 0x0005c49d [=====>                        ]  20.7% 147456/713723 bytes... 

Writing at 0x00061e79 [=====>                        ]  23.0% 163840/713723 bytes... 

Writing at 0x000673c8 [======>                       ]  25.3% 180224/713723 bytes... 

Writing at 0x0006c5c9 [=======>                      ]  27.5% 196608/713723 bytes... 

Writing at 0x0007190b [=======>                      ]  29.8% 212992/713723 bytes... 

Writing at 0x00076cd4 [========>                     ]  32.1% 229376/713723 bytes... 

Writing at 0x0007c3fa [=========>                    ]  34.4% 245760/713723 bytes... 

Writing at 0x00081bc1 [==========>                   ]  36.7% 262144/713723 bytes... 

Writing at 0x00086f05 [==========>                   ]  39.0% 278528/713723 bytes... 

Writing at 0x0008c12a [===========>                  ]  41.3% 294912/713723 bytes... 

Writing at 0x00091733 [============>                 ]  43.6% 311296/713723 bytes... 

Writing at 0x00097314 [============>                 ]  45.9% 327680/713723 bytes... 

Writing at 0x0009c2f8 [=============>                ]  48.2% 344064/713723 bytes... 

Writing at 0x000a1387 [==============>               ]  50.5% 360448/713723 bytes... 

Writing at 0x000a690b [==============>               ]  52.8% 376832/713723 bytes... 

Writing at 0x000ac105 [===============>              ]  55.1% 393216/713723 bytes... 

Writing at 0x000b16a5 [================>             ]  57.4% 409600/713723 bytes... 

Writing at 0x000b6a1c [================>             ]  59.7% 425984/713723 bytes... 

Writing at 0x000bba93 [=================>            ]  62.0% 442368/713723 bytes... 

Writing at 0x000c1178 [==================>           ]  64.3% 458752/713723 bytes... 

Writing at 0x000c65a1 [==================>           ]  66.6% 475136/713723 bytes... 

Writing at 0x000cbbc5 [===================>          ]  68.9% 491520/713723 bytes... 

Writing at 0x000d10d1 [====================>         ]  71.2% 507904/713723 bytes... 

Writing at 0x000d66a6 [=====================>        ]  73.5% 524288/713723 bytes... 

Writing at 0x000dbfdd [=====================>        ]  75.8% 540672/713723 bytes... 

Writing at 0x000e1dc1 [======================>       ]  78.0% 557056/713723 bytes... 

Writing at 0x000e7427 [=======================>      ]  80.3% 573440/713723 bytes... 

Writing at 0x000ed23c [=======================>      ]  82.6% 589824/713723 bytes... 

Writing at 0x000f6063 [========================>     ]  84.9% 606208/713723 bytes... 

Writing at 0x000fb747 [=========================>    ]  87.2% 622592/713723 bytes... 

Writing at 0x00100c96 [=========================>    ]  89.5% 638976/713723 bytes... 

Writing at 0x001074f3 [==========================>   ]  91.8% 655360/713723 bytes... 

Writing at 0x0010da37 [===========================>  ]  94.1% 671744/713723 bytes... 

Writing at 0x0011378b [===========================>  ]  96.4% 688128/713723 bytes... 

Writing at 0x001198b6 [============================> ]  98.7% 704512/713723 bytes... 

Writing at 0x0011d110 [==============================] 100.0% 713723/713723 bytes... 
Wrote 1102096 bytes (713723 compressed) at 0x00010000 in 7.3 seconds (1208.7 kbit/s).
Verifying written data...
Hash of data verified.

Hard resetting via RTS pin...
New upload port: COM7 (serial)
