Sketch uses 418908 bytes (13%) of program storage space. Maximum is 3145728 bytes.
Global variables use 24680 bytes (7%) of dynamic memory, leaving 303000 bytes for local variables. Maximum is 327680 bytes.
esptool v5.3.1
Serial port COM7:
Connecting...
Connected to ESP32-S3 on COM7:
Chip type:          ESP32-S3 (QFN56) (revision v0.2)
Features:           Wi-Fi, BT 5 (LE), Dual Core + LP Core, 240MHz, Embedded PSRAM 8MB (AP_3v3)
Crystal frequency:  40MHz
USB mode:           USB-Serial/JTAG
MAC:                28:84:85:b5:00:0c

Uploading stub flasher...
Running stub flasher...
Stub flasher running.
Changing baud rate to 921600...
Changed.

Configuring flash size...

Writing 'C:\SAFE-FIELD\fpga\tp4-audio-inmp441\wearable\safe_field_watch_mic_capture\build/safe_field_watch_mic_capture.ino.bootloader.bin' at 0x00000000...
Flash will be erased from 0x00000000 to 0x00004fff...
Compressed 19968 bytes to 12995...

Writing at 0x00000000 [                              ]   0.0% 0/12995 bytes... 

Writing at 0x00004e00 [==============================] 100.0% 12995/12995 bytes... 
Wrote 19968 bytes (12995 compressed) at 0x00000000 in 0.3 seconds (607.2 kbit/s).
Verifying written data...
Hash of data verified.

Writing 'C:\SAFE-FIELD\fpga\tp4-audio-inmp441\wearable\safe_field_watch_mic_capture\build/safe_field_watch_mic_capture.ino.partitions.bin' at 0x00008000...
Flash will be erased from 0x00008000 to 0x00008fff...
Compressed 3072 bytes to 144...

Writing at 0x00008000 [                              ]   0.0% 0/144 bytes... 

Writing at 0x00008c00 [==============================] 100.0% 144/144 bytes... 
Wrote 3072 bytes (144 compressed) at 0x00008000 in 0.0 seconds (609.0 kbit/s).
Verifying written data...
Hash of data verified.

Writing 'C:\SAFE-FIELD\tools\arduino-cli-1.5.1\data\packages\esp32\hardware\esp32\3.3.11/tools/partitions/boot_app0.bin' at 0x0000e000...
Flash will be erased from 0x0000e000 to 0x0000ffff...
Compressed 8192 bytes to 47...

Writing at 0x0000e000 [                              ]   0.0% 0/47 bytes... 

Writing at 0x00010000 [==============================] 100.0% 47/47 bytes... 
Wrote 8192 bytes (47 compressed) at 0x0000e000 in 0.1 seconds (749.3 kbit/s).
Verifying written data...
Hash of data verified.

Writing 'C:\SAFE-FIELD\fpga\tp4-audio-inmp441\wearable\safe_field_watch_mic_capture\build/safe_field_watch_mic_capture.ino.bin' at 0x00010000...
Flash will be erased from 0x00010000 to 0x00076fff...
Compressed 419056 bytes to 234903...

Writing at 0x00010000 [                              ]   0.0% 0/234903 bytes... 

Writing at 0x0001d026 [=>                            ]   7.0% 16384/234903 bytes... 

Writing at 0x0002adfe [===>                          ]  13.9% 32768/234903 bytes... 

Writing at 0x00031569 [=====>                        ]  20.9% 49152/234903 bytes... 

Writing at 0x00037390 [=======>                      ]  27.9% 65536/234903 bytes... 

Writing at 0x0003cef9 [=========>                    ]  34.9% 81920/234903 bytes... 

Writing at 0x00042731 [===========>                  ]  41.8% 98304/234903 bytes... 

Writing at 0x000480a5 [=============>                ]  48.8% 114688/234903 bytes... 

Writing at 0x0004df76 [===============>              ]  55.8% 131072/234903 bytes... 

Writing at 0x00053d71 [=================>            ]  62.8% 147456/234903 bytes... 

Writing at 0x0005a30e [===================>          ]  69.7% 163840/234903 bytes... 

Writing at 0x00062906 [======================>       ]  76.7% 180224/234903 bytes... 

Writing at 0x000684ff [========================>     ]  83.7% 196608/234903 bytes... 

Writing at 0x0006dfbc [==========================>   ]  90.7% 212992/234903 bytes... 

Writing at 0x00074171 [============================> ]  97.6% 229376/234903 bytes... 

Writing at 0x000764f0 [==============================] 100.0% 234903/234903 bytes... 
Wrote 419056 bytes (234903 compressed) at 0x00010000 in 2.7 seconds (1235.0 kbit/s).
Verifying written data...
Hash of data verified.

Hard resetting via RTS pin...
New upload port: COM7 (serial)
