Sketch uses 423732 bytes (13%) of program storage space. Maximum is 3145728 bytes.
Global variables use 24728 bytes (7%) of dynamic memory, leaving 302952 bytes for local variables. Maximum is 327680 bytes.
esptool v5.3.1
Serial port COM7:
Connecting...
Connected to ESP32-S3 on COM7:
Chip type:          ESP32-S3 (QFN56) (revision v0.2)
Features:           Wi-Fi, BT 5 (LE), Dual Core + LP Core, 240MHz, Embedded PSRAM 8MB (AP_3v3)
Crystal frequency:  40MHz
USB mode:           USB-Serial/JTAG
MAC:                28:84:85:b5:00:0c

Uploading stub flasher...
Running stub flasher...
Stub flasher running.
Changing baud rate to 921600...
Changed.

Configuring flash size...

Writing 'C:\SAFE-FIELD\fpga\tp4-audio-inmp441\wearable\safe_field_watch_mic_capture\build/safe_field_watch_mic_capture.ino.bootloader.bin' at 0x00000000...
No changed sectors found, verifying if data is in flash...
'C:\SAFE-FIELD\fpga\tp4-audio-inmp441\wearable\safe_field_watch_mic_capture\build/safe_field_watch_mic_capture.ino.bootloader.bin' at 0x00000000 verified.

Writing 'C:\SAFE-FIELD\fpga\tp4-audio-inmp441\wearable\safe_field_watch_mic_capture\build/safe_field_watch_mic_capture.ino.partitions.bin' at 0x00008000...
No changed sectors found, verifying if data is in flash...
'C:\SAFE-FIELD\fpga\tp4-audio-inmp441\wearable\safe_field_watch_mic_capture\build/safe_field_watch_mic_capture.ino.partitions.bin' at 0x00008000 verified.

Writing 'C:\SAFE-FIELD\tools\arduino-cli-1.5.1\data\packages\esp32\hardware\esp32\3.3.11/tools/partitions/boot_app0.bin' at 0x0000e000...
Flash will be erased from 0x0000e000 to 0x0000ffff...
Compressed 8192 bytes to 47...

Writing at 0x0000e000 [                              ]   0.0% 0/47 bytes... 

Writing at 0x00010000 [==============================] 100.0% 47/47 bytes... 
Wrote 8192 bytes (47 compressed) at 0x0000e000 in 0.1 seconds (783.6 kbit/s).
Verifying written data...
Hash of data verified.

Writing 'C:\SAFE-FIELD\fpga\tp4-audio-inmp441\wearable\safe_field_watch_mic_capture\build/safe_field_watch_mic_capture.ino.bin' at 0x00010000...
Changed data sectors found, fast reflashing...
Reflashing 104 changed sectors at 0x00010000...
Flash will be erased from 0x00010000 to 0x00077fff...
Compressed 425984 bytes to 237619...

Writing at 0x00010000 [                              ]   0.0% 0/237619 bytes... 

Writing at 0x0001cfc4 [=>                            ]   6.9% 16384/237619 bytes... 

Writing at 0x0002ae6e [===>                          ]  13.8% 32768/237619 bytes... 

Writing at 0x000315ef [=====>                        ]  20.7% 49152/237619 bytes... 

Writing at 0x00037556 [=======>                      ]  27.6% 65536/237619 bytes... 

Writing at 0x0003d1ab [=========>                    ]  34.5% 81920/237619 bytes... 

Writing at 0x00042ae9 [===========>                  ]  41.4% 98304/237619 bytes... 

Writing at 0x00048195 [=============>                ]  48.3% 114688/237619 bytes... 

Writing at 0x0004e15f [===============>              ]  55.2% 131072/237619 bytes... 

Writing at 0x000541bb [=================>            ]  62.1% 147456/237619 bytes... 

Writing at 0x00059cee [===================>          ]  69.0% 163840/237619 bytes... 

Writing at 0x00062c65 [=====================>        ]  75.8% 180224/237619 bytes... 

Writing at 0x00068992 [=======================>      ]  82.7% 196608/237619 bytes... 

Writing at 0x0006e453 [=========================>    ]  89.6% 212992/237619 bytes... 

Writing at 0x00074597 [===========================>  ]  96.5% 229376/237619 bytes... 

Writing at 0x00078000 [==============================] 100.0% 237619/237619 bytes... 
Wrote 425984 bytes (237619 compressed) at 0x00010000 in 2.8 seconds (1235.9 kbit/s).
Verifying written data...
Hash of data verified.

Hard resetting via RTS pin...
New upload port: COM7 (serial)
