*** GOWIN Tcl Command Line Console  *** 
current device: GW1NSR-4C  GW1NSR-LV4CQN48PC6/I5
add new file: "C:/SAFE-FIELD/fpga/tp4-audio-inmp441/verilog_tp4/rtl/frozen_baseline/i2s_clock_gen.v"
add new file: "C:/SAFE-FIELD/fpga/tp4-audio-inmp441/verilog_tp4/rtl/frozen_baseline/i2s_rx_24.v"
add new file: "C:/SAFE-FIELD/fpga/tp4-audio-inmp441/verilog_tp4/rtl/frozen_baseline/uart_tx_byte.v"
add new file: "C:/SAFE-FIELD/fpga/tp4-audio-inmp441/verilog_mvp/pcm_stream_gain8/rtl/safe_field_pcm_s24_to_s16_sat.v"
add new file: "C:/SAFE-FIELD/fpga/tp4-audio-inmp441/verilog_mvp/raw24_capture/rtl/safe_field_raw24_packet_tx.v"
add new file: "C:/SAFE-FIELD/fpga/tp4-audio-inmp441/verilog_mvp/raw24_capture/rtl/safe_field_mvp_raw24_capture.v"
add new file: "C:/SAFE-FIELD/fpga/tp4-audio-inmp441/verilog_mvp/raw24_capture/constraints/safe_field_mvp_raw24_capture.cst"
add new file: "C:/SAFE-FIELD/fpga/tp4-audio-inmp441/verilog_mvp/raw24_capture/constraints/safe_field_mvp_raw24_capture.sdc"
GowinSynthesis start
Running parser ...
Analyzing Verilog file 'C:\SAFE-FIELD\fpga\tp4-audio-inmp441\verilog_tp4\rtl\frozen_baseline\i2s_clock_gen.v'
Analyzing Verilog file 'C:\SAFE-FIELD\fpga\tp4-audio-inmp441\verilog_tp4\rtl\frozen_baseline\i2s_rx_24.v'
Analyzing Verilog file 'C:\SAFE-FIELD\fpga\tp4-audio-inmp441\verilog_tp4\rtl\frozen_baseline\uart_tx_byte.v'
Analyzing Verilog file 'C:\SAFE-FIELD\fpga\tp4-audio-inmp441\verilog_mvp\pcm_stream_gain8\rtl\safe_field_pcm_s24_to_s16_sat.v'
Analyzing Verilog file 'C:\SAFE-FIELD\fpga\tp4-audio-inmp441\verilog_mvp\raw24_capture\rtl\safe_field_raw24_packet_tx.v'
Analyzing Verilog file 'C:\SAFE-FIELD\fpga\tp4-audio-inmp441\verilog_mvp\raw24_capture\rtl\safe_field_mvp_raw24_capture.v'
Compiling module 'safe_field_mvp_raw24_capture'("C:\SAFE-FIELD\fpga\tp4-audio-inmp441\verilog_mvp\raw24_capture\rtl\safe_field_mvp_raw24_capture.v":6)
Compiling module 'i2s_clock_gen'("C:\SAFE-FIELD\fpga\tp4-audio-inmp441\verilog_tp4\rtl\frozen_baseline\i2s_clock_gen.v":6)
Compiling module 'i2s_rx_24'("C:\SAFE-FIELD\fpga\tp4-audio-inmp441\verilog_tp4\rtl\frozen_baseline\i2s_rx_24.v":6)
Compiling module 'safe_field_raw24_packet_tx'("C:\SAFE-FIELD\fpga\tp4-audio-inmp441\verilog_mvp\raw24_capture\rtl\safe_field_raw24_packet_tx.v":19)
Extracting RAM for identifier 'raw_bank0'("C:\SAFE-FIELD\fpga\tp4-audio-inmp441\verilog_mvp\raw24_capture\rtl\safe_field_raw24_packet_tx.v":43)
Extracting RAM for identifier 'raw_bank1'("C:\SAFE-FIELD\fpga\tp4-audio-inmp441\verilog_mvp\raw24_capture\rtl\safe_field_raw24_packet_tx.v":44)
Extracting RAM for identifier 'pcm_bank0'("C:\SAFE-FIELD\fpga\tp4-audio-inmp441\verilog_mvp\raw24_capture\rtl\safe_field_raw24_packet_tx.v":45)
Extracting RAM for identifier 'pcm_bank1'("C:\SAFE-FIELD\fpga\tp4-audio-inmp441\verilog_mvp\raw24_capture\rtl\safe_field_raw24_packet_tx.v":46)
Compiling module 'safe_field_pcm_s24_to_s16_sat'("C:\SAFE-FIELD\fpga\tp4-audio-inmp441\verilog_mvp\pcm_stream_gain8\rtl\safe_field_pcm_s24_to_s16_sat.v":8)
Compiling module 'uart_tx_byte(CLKS_PER_BIT=18)'("C:\SAFE-FIELD\fpga\tp4-audio-inmp441\verilog_tp4\rtl\frozen_baseline\uart_tx_byte.v":5)
NOTE  (EX0101) : Current top module is "safe_field_mvp_raw24_capture"
[5%] Running netlist conversion ...
Running device independent optimization ...
[10%] Optimizing Phase 0 completed
[15%] Optimizing Phase 1 completed
[25%] Optimizing Phase 2 completed
Running inference ...
[30%] Inferring Phase 0 completed
[40%] Inferring Phase 1 completed
[50%] Inferring Phase 2 completed
[55%] Inferring Phase 3 completed
Running technical mapping ...
[60%] Tech-Mapping Phase 0 completed
[65%] Tech-Mapping Phase 1 completed
[75%] Tech-Mapping Phase 2 completed
[80%] Tech-Mapping Phase 3 completed
[90%] Tech-Mapping Phase 4 completed
[95%] Generate netlist file "C:\SAFE-FIELD\fpga\tp4-audio-inmp441\build\mvp_raw24_capture\impl\gwsynthesis\safe_field_mvp_raw24_capture.vg" completed
[100%] Generate report file "C:\SAFE-FIELD\fpga\tp4-audio-inmp441\build\mvp_raw24_capture\impl\gwsynthesis\safe_field_mvp_raw24_capture_syn.rpt.html" completed
GowinSynthesis finish
Reading netlist file: "C:\SAFE-FIELD\fpga\tp4-audio-inmp441\build\mvp_raw24_capture\impl\gwsynthesis\safe_field_mvp_raw24_capture.vg"
Parsing netlist file "C:\SAFE-FIELD\fpga\tp4-audio-inmp441\build\mvp_raw24_capture\impl\gwsynthesis\safe_field_mvp_raw24_capture.vg" completed
WARN  (PA1001) : Dangling net 'n7_1_SUM'(source:'n7_s0') in module 'i2s_rx_24' has no destination
WARN  (PA1001) : Dangling net 'n8_1_SUM'(source:'n8_s0') in module 'i2s_rx_24' has no destination
WARN  (PA1001) : Dangling net 'n9_1_SUM'(source:'n9_s0') in module 'i2s_rx_24' has no destination
WARN  (PA1001) : Dangling net 'n10_1_SUM'(source:'n10_s0') in module 'i2s_rx_24' has no destination
WARN  (PA1001) : Dangling net 'n11_1_SUM'(source:'n11_s0') in module 'i2s_rx_24' has no destination
WARN  (PA1001) : Dangling net 'n12_1_SUM'(source:'n12_s0') in module 'i2s_rx_24' has no destination
Processing netlist completed
Reading constraint file: "C:\SAFE-FIELD\fpga\tp4-audio-inmp441\verilog_mvp\raw24_capture\constraints\safe_field_mvp_raw24_capture.cst"
Physical Constraint parsed completed
Running placement......
[10%] Placement Phase 0 completed
[20%] Placement Phase 1 completed
[30%] Placement Phase 2 completed
[50%] Placement Phase 3 completed
Running routing......
[60%] Routing Phase 0 completed
[70%] Routing Phase 1 completed
[80%] Routing Phase 2 completed
WARN  (PR1014) : Generic routing resource will be used to clock signal 'sys_clk_d' by the specified constraint. And then it may lead to the excessive delay or skew
[90%] Routing Phase 3 completed
Running timing analysis......
[95%] Timing analysis completed
Placement and routing completed
Bitstream generation in progress......
Bitstream generation completed
Running power analysis......
[100%] Power analysis completed
Generate file "C:\SAFE-FIELD\fpga\tp4-audio-inmp441\build\mvp_raw24_capture\impl\pnr\safe_field_mvp_raw24_capture.power.html" completed
Generate file "C:\SAFE-FIELD\fpga\tp4-audio-inmp441\build\mvp_raw24_capture\impl\pnr\safe_field_mvp_raw24_capture.pin.html" completed
Generate file "C:\SAFE-FIELD\fpga\tp4-audio-inmp441\build\mvp_raw24_capture\impl\pnr\safe_field_mvp_raw24_capture.rpt.html" completed
Generate file "C:\SAFE-FIELD\fpga\tp4-audio-inmp441\build\mvp_raw24_capture\impl\pnr\safe_field_mvp_raw24_capture.rpt.txt" completed
Generate file "C:\SAFE-FIELD\fpga\tp4-audio-inmp441\build\mvp_raw24_capture\impl\pnr\safe_field_mvp_raw24_capture.tr.html" completed
Generate file "C:\SAFE-FIELD\fpga\tp4-audio-inmp441\build\mvp_raw24_capture\impl\pnr\safe_field_mvp_raw24_capture.tr" completed
Sun Sep  6 14:29:39 2026

