Sketch uses 1101955 bytes (35%) of program storage space. Maximum is 3145728 bytes.
Global variables use 48784 bytes (14%) of dynamic memory, leaving 278896 bytes for local variables. Maximum is 327680 bytes.
esptool v5.3.1
Serial port COM7:
Connecting...
Connected to ESP32-S3 on COM7:
Chip type:          ESP32-S3 (QFN56) (revision v0.2)
Features:           Wi-Fi, BT 5 (LE), Dual Core + LP Core, 240MHz, Embedded PSRAM 8MB (AP_3v3)
Crystal frequency:  40MHz
USB mode:           USB-Serial/JTAG
MAC:                28:84:85:b5:00:0c

Uploading stub flasher...
Running stub flasher...
Stub flasher running.
Changing baud rate to 921600...
Changed.

Configuring flash size...

Writing 'C:\SAFE-FIELD\fpga\tp4-audio-inmp441\wearable\safe_field_one\build/safe_field_one.ino.bootloader.bin' at 0x00000000...
Flash will be erased from 0x00000000 to 0x00004fff...
Compressed 19968 bytes to 12995...

Writing at 0x00000000 [                              ]   0.0% 0/12995 bytes... 

Writing at 0x00004e00 [==============================] 100.0% 12995/12995 bytes... 
Wrote 19968 bytes (12995 compressed) at 0x00000000 in 0.2 seconds (663.8 kbit/s).
Verifying written data...
Hash of data verified.

Writing 'C:\SAFE-FIELD\fpga\tp4-audio-inmp441\wearable\safe_field_one\build/safe_field_one.ino.partitions.bin' at 0x00008000...
Flash will be erased from 0x00008000 to 0x00008fff...
Compressed 3072 bytes to 144...

Writing at 0x00008000 [                              ]   0.0% 0/144 bytes... 

Writing at 0x00008c00 [==============================] 100.0% 144/144 bytes... 
Wrote 3072 bytes (144 compressed) at 0x00008000 in 0.0 seconds (678.7 kbit/s).
Verifying written data...
Hash of data verified.

Writing 'C:\SAFE-FIELD\tools\arduino-cli-1.5.1\data\packages\esp32\hardware\esp32\3.3.11/tools/partitions/boot_app0.bin' at 0x0000e000...
Flash will be erased from 0x0000e000 to 0x0000ffff...
Compressed 8192 bytes to 47...

Writing at 0x0000e000 [                              ]   0.0% 0/47 bytes... 

Writing at 0x00010000 [==============================] 100.0% 47/47 bytes... 
Wrote 8192 bytes (47 compressed) at 0x0000e000 in 0.1 seconds (974.0 kbit/s).
Verifying written data...
Hash of data verified.

Writing 'C:\SAFE-FIELD\fpga\tp4-audio-inmp441\wearable\safe_field_one\build/safe_field_one.ino.bin' at 0x00010000...
Flash will be erased from 0x00010000 to 0x0011dfff...
Compressed 1102096 bytes to 713701...

Writing at 0x00010000 [                              ]   0.0% 0/713701 bytes... 

Writing at 0x0001be2a [                              ]   2.3% 16384/713701 bytes... 

Writing at 0x0002976f [>                             ]   4.6% 32768/713701 bytes... 

Writing at 0x00033d74 [=>                            ]   6.9% 49152/713701 bytes... 

Writing at 0x0003d9f8 [=>                            ]   9.2% 65536/713701 bytes... 

Writing at 0x0004561b [==>                           ]  11.5% 81920/713701 bytes... 

Writing at 0x0004b63e [===>                          ]  13.8% 98304/713701 bytes... 

Writing at 0x00050ebd [===>                          ]  16.1% 114688/713701 bytes... 

Writing at 0x00056c7a [====>                         ]  18.4% 131072/713701 bytes... 

Writing at 0x0005c4c0 [=====>                        ]  20.7% 147456/713701 bytes... 

Writing at 0x00061e91 [=====>                        ]  23.0% 163840/713701 bytes... 

Writing at 0x000673df [======>                       ]  25.3% 180224/713701 bytes... 

Writing at 0x0006c5de [=======>                      ]  27.5% 196608/713701 bytes... 

Writing at 0x00071926 [=======>                      ]  29.8% 212992/713701 bytes... 

Writing at 0x00076cf1 [========>                     ]  32.1% 229376/713701 bytes... 

Writing at 0x0007c426 [=========>                    ]  34.4% 245760/713701 bytes... 

Writing at 0x00081bf1 [==========>                   ]  36.7% 262144/713701 bytes... 

Writing at 0x00086f27 [==========>                   ]  39.0% 278528/713701 bytes... 

Writing at 0x0008c144 [===========>                  ]  41.3% 294912/713701 bytes... 

Writing at 0x00091751 [============>                 ]  43.6% 311296/713701 bytes... 

Writing at 0x00097332 [============>                 ]  45.9% 327680/713701 bytes... 

Writing at 0x0009c312 [=============>                ]  48.2% 344064/713701 bytes... 

Writing at 0x000a13ae [==============>               ]  50.5% 360448/713701 bytes... 

Writing at 0x000a692d [==============>               ]  52.8% 376832/713701 bytes... 

Writing at 0x000ac126 [===============>              ]  55.1% 393216/713701 bytes... 

Writing at 0x000b16ca [================>             ]  57.4% 409600/713701 bytes... 

Writing at 0x000b6a38 [================>             ]  59.7% 425984/713701 bytes... 

Writing at 0x000bbaa4 [=================>            ]  62.0% 442368/713701 bytes... 

Writing at 0x000c119a [==================>           ]  64.3% 458752/713701 bytes... 

Writing at 0x000c65bc [==================>           ]  66.6% 475136/713701 bytes... 

Writing at 0x000cbbe0 [===================>          ]  68.9% 491520/713701 bytes... 

Writing at 0x000d10e0 [====================>         ]  71.2% 507904/713701 bytes... 

Writing at 0x000d66c5 [=====================>        ]  73.5% 524288/713701 bytes... 

Writing at 0x000dc036 [=====================>        ]  75.8% 540672/713701 bytes... 

Writing at 0x000e1def [======================>       ]  78.1% 557056/713701 bytes... 

Writing at 0x000e7454 [=======================>      ]  80.3% 573440/713701 bytes... 

Writing at 0x000ed25f [=======================>      ]  82.6% 589824/713701 bytes... 

Writing at 0x000f607e [========================>     ]  84.9% 606208/713701 bytes... 

Writing at 0x000fb763 [=========================>    ]  87.2% 622592/713701 bytes... 

Writing at 0x00100cbb [=========================>    ]  89.5% 638976/713701 bytes... 

Writing at 0x00107517 [==========================>   ]  91.8% 655360/713701 bytes... 

Writing at 0x0010da5d [===========================>  ]  94.1% 671744/713701 bytes... 

Writing at 0x001137a7 [===========================>  ]  96.4% 688128/713701 bytes... 

Writing at 0x001198d8 [============================> ]  98.7% 704512/713701 bytes... 

Writing at 0x0011d110 [==============================] 100.0% 713701/713701 bytes... 
Wrote 1102096 bytes (713701 compressed) at 0x00010000 in 6.9 seconds (1269.4 kbit/s).
Verifying written data...
Hash of data verified.

Hard resetting via RTS pin...
New upload port: COM7 (serial)
