ESP-ROM:esp32s3-20210327
SAFE_FIELD_WEARABLE_BOOT version=1
PASS AXP2101 INIT
SAFE_FIELD_WEARABLE_READY
OK WIFI SAVED ssid=RZNET IGOR M - 2G password=REDACTED
WIFI CONNECTING ssid=RZNET IGOR M - 2G
OK CORE SAVED url=http://192.168.1.115:8765/api/v1/wearable/state
CONFIG ssid=RZNET IGOR M - 2G password=REDACTED core=http://192.168.1.115:8765/api/v1/wearable/state
HTTP -1 core=OFFLINE ms=793180
HTTP 200 state=SYSTEM_READY ms=794333
HTTP 200 state=SYSTEM_READY ms=794386
HTTP 200 state=SYSTEM_READY ms=795081
HTTP 200 state=SYSTEM_READY ms=795997
HTTP 200 state=SYSTEM_READY ms=796498
HTTP 200 state=SYSTEM_READY ms=797183
HTTP 200 state=SYSTEM_READY ms=797891
HTTP 200 state=SYSTEM_READY ms=798593
HTTP 200 state=SYSTEM_READY ms=799299
HTTP 200 state=SYSTEM_READY ms=800015
HTTP 200 state=SYSTEM_READY ms=800731
HTTP 200 state=SYSTEM_READY ms=801623
HTTP 200 state=SYSTEM_READY ms=802180
HTTP 200 state=SYSTEM_READY ms=802825
HTTP 200 state=SYSTEM_READY ms=803656
HTTP 200 state=SYSTEM_READY ms=804244
HTTP 200 state=SYSTEM_READY ms=804942
HTTP 200 state=SYSTEM_READY ms=805659
HTTP 200 state=SYSTEM_READY ms=806365
HTTP 200 state=SYSTEM_READY ms=807066
HTTP 200 state=SYSTEM_READY ms=807772

