capture_start=2026-09-04T22:57:13.6012872-03:00
2026-09-04T22:57:13.6355263-03:00 HTTP 200 state=AUDIO_QUIET ms=1956138
2026-09-04T22:57:13.6507972-03:00 HTTP 200 state=AUDIO_QUIET ms=1956774
2026-09-04T22:57:13.6623083-03:00 HTTP 200 state=AUDIO_QUIET ms=1957479
2026-09-04T22:57:13.6692684-03:00 HTTP 200 state=AUDIO_QUIET ms=1958194
2026-09-04T22:57:13.6833683-03:00 HTTP 200 state=AUDIO_QUIET ms=1958907
2026-09-04T22:57:13.6996767-03:00 HTTP 200 state=AUDIO_QUIET ms=1959591
2026-09-04T22:57:13.7106468-03:00 HTTP 200 state=AUDIO_QUIET ms=1960298
2026-09-04T22:57:13.7215999-03:00 HTTP 200 state=AUDIO_QUIET ms=2697716
2026-09-04T22:57:13.7335675-03:00 HTTP 200 state=AUDIO_QUIET ms=2698553
2026-09-04T22:57:14.3779243-03:00 HTTP 200 state=AUDIO_QUIET ms=2699257
2026-09-04T22:57:15.0618181-03:00 HTTP 200 state=AUDIO_QUIET ms=2699959
2026-09-04T22:57:15.8281925-03:00 HTTP 200 state=AUDIO_QUIET ms=2700691
2026-09-04T22:57:16.4812194-03:00 HTTP 200 state=AUDIO_QUIET ms=2701365
2026-09-04T22:57:17.1855754-03:00 HTTP 200 state=AUDIO_QUIET ms=2702077
2026-09-04T22:57:17.8829875-03:00 HTTP 200 state=AUDIO_QUIET ms=2702771
2026-09-04T22:57:18.5819957-03:00 HTTP 200 state=AUDIO_QUIET ms=2703474
2026-09-04T22:57:19.3315574-03:00 HTTP 200 state=AUDIO_QUIET ms=2704217
2026-09-04T22:57:19.9926583-03:00 HTTP 200 state=AUDIO_QUIET ms=2704881
2026-09-04T22:57:20.6909522-03:00 HTTP 200 state=AUDIO_QUIET ms=2705589
2026-09-04T22:57:21.4091206-03:00 HTTP 200 state=AUDIO_QUIET ms=2706298
2026-09-04T22:57:22.1272436-03:00 HTTP 200 state=AUDIO_QUIET ms=2707007
2026-09-04T22:57:22.8114264-03:00 HTTP 200 state=AUDIO_QUIET ms=2707704
2026-09-04T22:57:23.5103826-03:00 HTTP 200 state=AUDIO_QUIET ms=2708408
2026-09-04T22:57:24.2270411-03:00 HTTP 200 state=AUDIO_QUIET ms=2709119
2026-09-04T22:57:25.0360334-03:00 HTTP 200 state=AUDIO_QUIET ms=2709815
2026-09-04T22:57:25.6282458-03:00 HTTP 200 state=AUDIO_QUIET ms=2710517
2026-09-04T22:57:26.4699599-03:00 HTTP 200 state=AUDIO_QUIET ms=2711368
2026-09-04T22:57:27.5946678-03:00 HTTP 200 state=AUDIO_QUIET ms=2712490
2026-09-04T22:57:28.0181715-03:00 HTTP 200 state=AUDIO_QUIET ms=2712896
2026-09-04T22:57:28.4557951-03:00 HTTP 200 state=AUDIO_QUIET ms=2713330
2026-09-04T22:57:29.1553425-03:00 HTTP 200 state=AUDIO_QUIET ms=2714035
2026-09-04T22:57:29.8564864-03:00 HTTP 200 state=AUDIO_QUIET ms=2714755
2026-09-04T22:57:30.5483465-03:00 HTTP 200 state=AUDIO_QUIET ms=2715439
2026-09-04T22:57:31.2564201-03:00 HTTP 200 state=AUDIO_QUIET ms=2716145
2026-09-04T22:57:31.9586671-03:00 HTTP 200 state=AUDIO_QUIET ms=2716852
2026-09-04T22:57:32.6762795-03:00 HTTP 200 state=AUDIO_QUIET ms=2717566
2026-09-04T22:57:33.3931848-03:00 HTTP 200 state=AUDIO_QUIET ms=2718261
2026-09-04T22:57:34.0952754-03:00 HTTP 200 state=AUDIO_QUIET ms=2718978
2026-09-04T22:57:34.8107020-03:00 HTTP 200 state=AUDIO_QUIET ms=2719687
2026-09-04T22:57:35.4974260-03:00 HTTP 200 state=AUDIO_QUIET ms=2720383
2026-09-04T22:57:36.1994119-03:00 HTTP 200 state=AUDIO_QUIET ms=2721089
2026-09-04T22:57:36.9128933-03:00 HTTP 200 state=AUDIO_QUIET ms=2721801
2026-09-04T22:57:37.6127688-03:00 HTTP 200 state=AUDIO_QUIET ms=2722497
2026-09-04T22:57:38.3146361-03:00 HTTP 200 state=AUDIO_QUIET ms=2723202
2026-09-04T22:57:39.0468997-03:00 HTTP 200 state=AUDIO_QUIET ms=2723907
2026-09-04T22:57:39.7468621-03:00 HTTP 200 state=AUDIO_QUIET ms=2724618
2026-09-04T22:57:40.4233444-03:00 HTTP 200 state=AUDIO_QUIET ms=2725318
2026-09-04T22:57:41.1526800-03:00 HTTP 200 state=AUDIO_QUIET ms=2726024
2026-09-04T22:57:41.8540534-03:00 HTTP 200 state=AUDIO_QUIET ms=2726732
2026-09-04T22:57:42.5547962-03:00 HTTP 200 state=AUDIO_QUIET ms=2727452
2026-09-04T22:57:43.2549466-03:00 HTTP 200 state=AUDIO_QUIET ms=2728138
2026-09-04T22:57:43.9581099-03:00 HTTP 200 state=AUDIO_QUIET ms=2728842
2026-09-04T22:57:44.6595200-03:00 HTTP 200 state=AUDIO_QUIET ms=2729550
2026-09-04T22:57:45.3612849-03:00 HTTP 200 state=AUDIO_QUIET ms=2730247
2026-09-04T22:57:46.0939155-03:00 HTTP 200 state=AUDIO_QUIET ms=2730956
2026-09-04T22:57:46.7919697-03:00 HTTP 200 state=AUDIO_QUIET ms=2731660
2026-09-04T22:57:47.4924851-03:00 HTTP 200 state=AUDIO_QUIET ms=2732379
2026-09-04T22:57:48.1945452-03:00 HTTP 200 state=AUDIO_QUIET ms=2733073
2026-09-04T22:57:48.8946124-03:00 HTTP 200 state=AUDIO_QUIET ms=2733777
2026-09-04T22:57:49.6131768-03:00 HTTP 200 state=AUDIO_QUIET ms=2734482
2026-09-04T22:57:50.3143856-03:00 HTTP 200 state=AUDIO_QUIET ms=2735195
2026-09-04T22:57:51.0172603-03:00 HTTP 200 state=AUDIO_QUIET ms=2735901
2026-09-04T22:57:51.7166812-03:00 HTTP 200 state=AUDIO_QUIET ms=2736607
2026-09-04T22:57:52.4204096-03:00 HTTP 200 state=AUDIO_QUIET ms=2737305
2026-09-04T22:57:53.1220007-03:00 HTTP 200 state=AUDIO_QUIET ms=2738010
2026-09-04T22:57:53.8395159-03:00 HTTP 200 state=AUDIO_QUIET ms=2738724
2026-09-04T22:57:54.5372858-03:00 HTTP 200 state=AUDIO_QUIET ms=2739430
2026-09-04T22:57:55.2367978-03:00 HTTP 200 state=AUDIO_QUIET ms=2740125
2026-09-04T22:57:55.9415290-03:00 HTTP 200 state=AUDIO_QUIET ms=2740832
2026-09-04T22:57:56.6601317-03:00 HTTP 200 state=AUDIO_QUIET ms=2741545
2026-09-04T22:57:57.3871930-03:00 HTTP 200 state=AUDIO_QUIET ms=2742254
2026-09-04T22:57:58.2781194-03:00 HTTP 200 state=AUDIO_QUIET ms=2743140
2026-09-04T22:57:58.7979942-03:00 HTTP 200 state=AUDIO_QUIET ms=2743693
2026-09-04T22:57:59.5841847-03:00 HTTP 200 state=AUDIO_QUIET ms=2744467
2026-09-04T22:58:00.3020458-03:00 HTTP 200 state=AUDIO_QUIET ms=2745174
2026-09-04T22:58:01.2089439-03:00 HTTP 200 state=AUDIO_QUIET ms=2746083
2026-09-04T22:58:01.6321751-03:00 HTTP 200 state=AUDIO_QUIET ms=2746498
2026-09-04T22:58:02.3156144-03:00 HTTP 200 state=AUDIO_QUIET ms=2747193
2026-09-04T22:58:03.0316332-03:00 HTTP 200 state=AUDIO_QUIET ms=2747891
2026-09-04T22:58:03.7486585-03:00 HTTP 200 state=AUDIO_QUIET ms=2748608
2026-09-04T22:58:04.4505003-03:00 HTTP 200 state=AUDIO_QUIET ms=2749311
2026-09-04T22:58:05.1536796-03:00 HTTP 200 state=AUDIO_QUIET ms=2750018
2026-09-04T22:58:05.8363360-03:00 HTTP 200 state=AUDIO_QUIET ms=2750723
2026-09-04T22:58:06.5404670-03:00 HTTP 200 state=AUDIO_QUIET ms=2751426
2026-09-04T22:58:07.2340058-03:00 HTTP 200 state=AUDIO_QUIET ms=2752118
2026-09-04T22:58:07.9451189-03:00 HTTP 200 state=AUDIO_QUIET ms=2752822
2026-09-04T22:58:08.6352312-03:00 HTTP 200 state=AUDIO_QUIET ms=2753524
2026-09-04T22:58:09.3419458-03:00 HTTP 200 state=AUDIO_QUIET ms=2754224
2026-09-04T22:58:10.0539024-03:00 HTTP 200 state=AUDIO_QUIET ms=2754928
2026-09-04T22:58:10.7550391-03:00 HTTP 200 state=AUDIO_QUIET ms=2755647
2026-09-04T22:58:11.4728041-03:00 HTTP 200 state=AUDIO_QUIET ms=2756337
2026-09-04T22:58:12.1953878-03:00 HTTP 200 state=AUDIO_QUIET ms=2757051
2026-09-04T22:58:12.8572811-03:00 HTTP 200 state=AUDIO_QUIET ms=2757747
2026-09-04T22:58:13.5619975-03:00 HTTP 200 state=AUDIO_QUIET ms=2758451
2026-09-04T22:58:14.2903589-03:00 HTTP 200 state=AUDIO_QUIET ms=2759165
2026-09-04T22:58:14.9949441-03:00 HTTP 200 state=AUDIO_QUIET ms=2759870
2026-09-04T22:58:15.6717152-03:00 HTTP 200 state=AUDIO_QUIET ms=2760564
2026-09-04T22:58:16.3812044-03:00 HTTP 200 state=AUDIO_QUIET ms=2761266
2026-09-04T22:58:17.1046191-03:00 HTTP 200 state=AUDIO_QUIET ms=2761980
2026-09-04T22:58:17.8084644-03:00 HTTP 200 state=AUDIO_QUIET ms=2762684
2026-09-04T22:58:18.5125524-03:00 HTTP 200 state=AUDIO_QUIET ms=2763390
2026-09-04T22:58:19.2173691-03:00 HTTP 200 state=AUDIO_QUIET ms=2764088
2026-09-04T22:58:19.9302333-03:00 HTTP 200 state=AUDIO_QUIET ms=2764820
2026-09-04T22:58:20.6036615-03:00 HTTP 200 state=AUDIO_QUIET ms=2765500
2026-09-04T22:58:21.3072022-03:00 HTTP 200 state=AUDIO_QUIET ms=2766191
2026-09-04T22:58:22.0120112-03:00 HTTP 200 state=AUDIO_QUIET ms=2766896
2026-09-04T22:58:22.6976907-03:00 HTTP 200 state=AUDIO_QUIET ms=2767595
2026-09-04T22:58:23.3992619-03:00 HTTP 200 state=AUDIO_QUIET ms=2768297
2026-09-04T22:58:24.1453094-03:00 HTTP 200 state=AUDIO_QUIET ms=2769014
2026-09-04T22:58:24.8472341-03:00 HTTP 200 state=AUDIO_QUIET ms=2769708
2026-09-04T22:58:25.5351127-03:00 EVENT VIBRATION QUIET_TO_ACTIVE
2026-09-04T22:58:25.5833544-03:00 STATE AUDIO_ACTIVE
2026-09-04T22:58:25.6769002-03:00 HTTP 200 state=AUDIO_ACTIVE ms=2770536
2026-09-04T22:58:26.2377989-03:00 HTTP 200 state=AUDIO_ACTIVE ms=2771121
2026-09-04T22:58:26.9252104-03:00 HTTP 200 state=AUDIO_ACTIVE ms=2771821
2026-09-04T22:58:27.6291377-03:00 HTTP 200 state=AUDIO_ACTIVE ms=2772526
2026-09-04T22:58:28.3594548-03:00 HTTP 200 state=AUDIO_ACTIVE ms=2773242
2026-09-04T22:58:29.0601504-03:00 HTTP 200 state=AUDIO_ACTIVE ms=2773933
2026-09-04T22:58:29.7605864-03:00 HTTP 200 state=AUDIO_ACTIVE ms=2774636
2026-09-04T22:58:30.4803230-03:00 STATE AUDIO_QUIET
2026-09-04T22:58:30.5898682-03:00 HTTP 200 state=AUDIO_QUIET ms=2775484
2026-09-04T22:58:31.2001993-03:00 HTTP 200 state=AUDIO_QUIET ms=2776051
2026-09-04T22:58:31.8818477-03:00 HTTP 200 state=AUDIO_QUIET ms=2776765
2026-09-04T22:58:32.5587091-03:00 HTTP 200 state=AUDIO_QUIET ms=2777456
2026-09-04T22:58:33.5685891-03:00 HTTP 200 state=AUDIO_QUIET ms=2778441
2026-09-04T22:58:34.0806034-03:00 HTTP 200 state=AUDIO_QUIET ms=2778956
2026-09-04T22:58:34.7358215-03:00 HTTP 200 state=AUDIO_QUIET ms=2779606
2026-09-04T22:58:35.3923737-03:00 HTTP 200 state=AUDIO_QUIET ms=2780272
2026-09-04T22:58:36.0898137-03:00 HTTP 200 state=AUDIO_QUIET ms=2780978
2026-09-04T22:58:36.8071304-03:00 HTTP 200 state=AUDIO_QUIET ms=2781684
2026-09-04T22:58:37.5105269-03:00 HTTP 200 state=AUDIO_QUIET ms=2782390
2026-09-04T22:58:38.2256533-03:00 HTTP 200 state=AUDIO_QUIET ms=2783098
2026-09-04T22:58:38.9385536-03:00 HTTP 200 state=AUDIO_QUIET ms=2783801
2026-09-04T22:58:39.6080737-03:00 HTTP 200 state=AUDIO_QUIET ms=2784505
2026-09-04T22:58:40.3550899-03:00 HTTP 200 state=AUDIO_QUIET ms=2785223
2026-09-04T22:58:41.0549431-03:00 HTTP 200 state=AUDIO_QUIET ms=2785929
2026-09-04T22:58:41.7390973-03:00 HTTP 200 state=AUDIO_QUIET ms=2786625
2026-09-04T22:58:42.4558736-03:00 HTTP 200 state=AUDIO_QUIET ms=2787331
2026-09-04T22:58:43.1472890-03:00 HTTP 200 state=AUDIO_QUIET ms=2788035
2026-09-04T22:58:43.8662369-03:00 HTTP 200 state=AUDIO_QUIET ms=2788738
2026-09-04T22:58:44.5666517-03:00 HTTP 200 state=AUDIO_QUIET ms=2789443
2026-09-04T22:58:45.2551993-03:00 HTTP 200 state=AUDIO_QUIET ms=2790148
2026-09-04T22:58:45.9714228-03:00 HTTP 200 state=AUDIO_QUIET ms=2790853
2026-09-04T22:58:46.6737060-03:00 HTTP 200 state=AUDIO_QUIET ms=2791556
2026-09-04T22:58:47.3738782-03:00 HTTP 200 state=AUDIO_QUIET ms=2792260
2026-09-04T22:58:48.0934058-03:00 HTTP 200 state=AUDIO_QUIET ms=2792963
2026-09-04T22:58:48.7785314-03:00 HTTP 200 state=AUDIO_QUIET ms=2793666
2026-09-04T22:58:49.4816837-03:00 HTTP 200 state=AUDIO_QUIET ms=2794366
2026-09-04T22:58:51.3031042-03:00 HTTP 200 state=AUDIO_QUIET ms=2796171
2026-09-04T22:58:51.3560047-03:00 HTTP 200 state=AUDIO_QUIET ms=2796201
2026-09-04T22:58:52.0194883-03:00 HTTP 200 state=AUDIO_QUIET ms=2796906
2026-09-04T22:58:52.8295991-03:00 HTTP 200 state=AUDIO_QUIET ms=2797706
2026-09-04T22:58:53.4239748-03:00 HTTP 200 state=AUDIO_QUIET ms=2798310
2026-09-04T22:58:54.1399559-03:00 HTTP 200 state=AUDIO_QUIET ms=2799013
2026-09-04T22:58:54.8215112-03:00 HTTP 200 state=AUDIO_QUIET ms=2799718
2026-09-04T22:58:55.5524295-03:00 HTTP 200 state=AUDIO_QUIET ms=2800423
2026-09-04T22:58:56.2562460-03:00 HTTP 200 state=AUDIO_QUIET ms=2801126
2026-09-04T22:58:56.9385657-03:00 HTTP 200 state=AUDIO_QUIET ms=2801828
2026-09-04T22:58:57.6303523-03:00 HTTP 200 state=AUDIO_QUIET ms=2802528
2026-09-04T22:58:58.3611725-03:00 HTTP 200 state=AUDIO_QUIET ms=2803233
2026-09-04T22:58:59.0498705-03:00 HTTP 200 state=AUDIO_QUIET ms=2803934
2026-09-04T22:58:59.7426599-03:00 HTTP 200 state=AUDIO_QUIET ms=2804634
2026-09-04T22:59:00.4653678-03:00 HTTP 200 state=AUDIO_QUIET ms=2805355
2026-09-04T22:59:01.1701247-03:00 HTTP 200 state=AUDIO_QUIET ms=2806039
2026-09-04T22:59:01.8737390-03:00 HTTP 200 state=AUDIO_QUIET ms=2806743
2026-09-04T22:59:02.5571920-03:00 HTTP 200 state=AUDIO_QUIET ms=2807443
2026-09-04T22:59:03.2758783-03:00 HTTP 200 state=AUDIO_QUIET ms=2808155
