GowinSynthesis start
Running parser ...
Analyzing Verilog file 'C:\SAFE-FIELD\fpga\tp4-audio-inmp441\src\debug5_external_wiring_levels.v'
Compiling module 'debug5_external_wiring_levels'("C:\SAFE-FIELD\fpga\tp4-audio-inmp441\src\debug5_external_wiring_levels.v":11)
NOTE  (EX0101) : Current top module is "debug5_external_wiring_levels"
[5%] Running netlist conversion ...
WARN  (CV0016) : Input i2s_sd is unused("C:\SAFE-FIELD\fpga\tp4-audio-inmp441\src\debug5_external_wiring_levels.v":17)
Running device independent optimization ...
[10%] Optimizing Phase 0 completed
[15%] Optimizing Phase 1 completed
[25%] Optimizing Phase 2 completed
Running inference ...
[30%] Inferring Phase 0 completed
[40%] Inferring Phase 1 completed
[50%] Inferring Phase 2 completed
[55%] Inferring Phase 3 completed
Running technical mapping ...
[60%] Tech-Mapping Phase 0 completed
[65%] Tech-Mapping Phase 1 completed
[75%] Tech-Mapping Phase 2 completed
[80%] Tech-Mapping Phase 3 completed
[90%] Tech-Mapping Phase 4 completed
[95%] Generate netlist file "C:\SAFE-FIELD\fpga\tp4-audio-inmp441\build\debug5_external_wiring_levels\impl\gwsynthesis\debug5_external_wiring_levels.vg" completed
[100%] Generate report file "C:\SAFE-FIELD\fpga\tp4-audio-inmp441\build\debug5_external_wiring_levels\impl\gwsynthesis\debug5_external_wiring_levels_syn.rpt.html" completed
GowinSynthesis finish
