GowinSynthesis start
Running parser ...
Analyzing Verilog file 'C:\SAFE-FIELD\fpga\tp4-audio-inmp441\verilog_tp4\rtl\frozen_baseline\i2s_clock_gen.v'
Analyzing Verilog file 'C:\SAFE-FIELD\fpga\tp4-audio-inmp441\verilog_tp4\rtl\frozen_baseline\i2s_rx_24.v'
Analyzing Verilog file 'C:\SAFE-FIELD\fpga\tp4-audio-inmp441\verilog_tp4\rtl\frozen_baseline\audio_activity_fsm_persistent.v'
Analyzing Verilog file 'C:\SAFE-FIELD\fpga\tp4-audio-inmp441\verilog_tp4\rtl\frozen_baseline\audio_energy_detector_persistent.v'
Analyzing Verilog file 'C:\SAFE-FIELD\fpga\tp4-audio-inmp441\verilog_tp4\rtl\frozen_baseline\uart_tx_byte.v'
Analyzing Verilog file 'C:\SAFE-FIELD\fpga\tp4-audio-inmp441\verilog_mvp\pcm_stream\rtl\safe_field_pcm_packet_tx.v'
Analyzing Verilog file 'C:\SAFE-FIELD\fpga\tp4-audio-inmp441\verilog_mvp\pcm_stream_gain8\rtl\safe_field_pcm_s24_to_s16_sat.v'
Analyzing Verilog file 'C:\SAFE-FIELD\fpga\tp4-audio-inmp441\verilog_mvp\pcm_stream_gain8\rtl\safe_field_pcm_packet_tx_gain8.v'
Analyzing Verilog file 'C:\SAFE-FIELD\fpga\tp4-audio-inmp441\verilog_mvp\pcm_stream_gain8_right\rtl\safe_field_mvp_pcm_stream_gain8_right.v'
Compiling module 'safe_field_mvp_pcm_stream_gain8_right'("C:\SAFE-FIELD\fpga\tp4-audio-inmp441\verilog_mvp\pcm_stream_gain8_right\rtl\safe_field_mvp_pcm_stream_gain8_right.v":6)
Compiling module 'i2s_clock_gen'("C:\SAFE-FIELD\fpga\tp4-audio-inmp441\verilog_tp4\rtl\frozen_baseline\i2s_clock_gen.v":6)
Compiling module 'i2s_rx_24'("C:\SAFE-FIELD\fpga\tp4-audio-inmp441\verilog_tp4\rtl\frozen_baseline\i2s_rx_24.v":6)
Compiling module 'audio_energy_detector_persistent'("C:\SAFE-FIELD\fpga\tp4-audio-inmp441\verilog_tp4\rtl\frozen_baseline\audio_energy_detector_persistent.v":4)
Compiling module 'audio_activity_fsm_persistent(THRESHOLD_ON=24'b000000000010111011100000,THRESHOLD_OFF=24'b000000000001011101110000)'("C:\SAFE-FIELD\fpga\tp4-audio-inmp441\verilog_tp4\rtl\frozen_baseline\audio_activity_fsm_persistent.v":6)
Compiling module 'safe_field_pcm_packet_tx_gain8'("C:\SAFE-FIELD\fpga\tp4-audio-inmp441\verilog_mvp\pcm_stream_gain8\rtl\safe_field_pcm_packet_tx_gain8.v":6)
Compiling module 'safe_field_pcm_s24_to_s16_sat'("C:\SAFE-FIELD\fpga\tp4-audio-inmp441\verilog_mvp\pcm_stream_gain8\rtl\safe_field_pcm_s24_to_s16_sat.v":8)
Compiling module 'safe_field_pcm_packet_tx'("C:\SAFE-FIELD\fpga\tp4-audio-inmp441\verilog_mvp\pcm_stream\rtl\safe_field_pcm_packet_tx.v":17)
Extracting RAM for identifier 'sample_bank0'("C:\SAFE-FIELD\fpga\tp4-audio-inmp441\verilog_mvp\pcm_stream\rtl\safe_field_pcm_packet_tx.v":38)
Extracting RAM for identifier 'sample_bank1'("C:\SAFE-FIELD\fpga\tp4-audio-inmp441\verilog_mvp\pcm_stream\rtl\safe_field_pcm_packet_tx.v":39)
Compiling module 'uart_tx_byte(CLKS_PER_BIT=18)'("C:\SAFE-FIELD\fpga\tp4-audio-inmp441\verilog_tp4\rtl\frozen_baseline\uart_tx_byte.v":5)
NOTE  (EX0101) : Current top module is "safe_field_mvp_pcm_stream_gain8_right"
[5%] Running netlist conversion ...
Running device independent optimization ...
[10%] Optimizing Phase 0 completed
[15%] Optimizing Phase 1 completed
[25%] Optimizing Phase 2 completed
Running inference ...
[30%] Inferring Phase 0 completed
[40%] Inferring Phase 1 completed
[50%] Inferring Phase 2 completed
[55%] Inferring Phase 3 completed
Running technical mapping ...
[60%] Tech-Mapping Phase 0 completed
[65%] Tech-Mapping Phase 1 completed
[75%] Tech-Mapping Phase 2 completed
[80%] Tech-Mapping Phase 3 completed
[90%] Tech-Mapping Phase 4 completed
[95%] Generate netlist file "C:\SAFE-FIELD\fpga\tp4-audio-inmp441\build\mvp_pcm_stream_gain8_right\impl\gwsynthesis\safe_field_mvp_pcm_stream_gain8_right.vg" completed
[100%] Generate report file "C:\SAFE-FIELD\fpga\tp4-audio-inmp441\build\mvp_pcm_stream_gain8_right\impl\gwsynthesis\safe_field_mvp_pcm_stream_gain8_right_syn.rpt.html" completed
GowinSynthesis finish
