Reading netlist file: "C:\SAFE-FIELD\fpga\safe_field_tang_blink\safe_field_tang_blink\impl\gwsynthesis\safe_field_tang_blink.vg"
Parsing netlist file "C:\SAFE-FIELD\fpga\safe_field_tang_blink\safe_field_tang_blink\impl\gwsynthesis\safe_field_tang_blink.vg" completed
Processing netlist completed
Reading constraint file: "C:\SAFE-FIELD\fpga\safe_field_tang_blink\safe_field_tang_blink\src\safe_field_tang_blink.cst"
Physical Constraint parsed completed
Running placement......
[10%] Placement Phase 0 completed
[20%] Placement Phase 1 completed
[30%] Placement Phase 2 completed
[50%] Placement Phase 3 completed
Running routing......
[60%] Routing Phase 0 completed
[70%] Routing Phase 1 completed
[80%] Routing Phase 2 completed
[90%] Routing Phase 3 completed
Running timing analysis......
[95%] Timing analysis completed
Placement and routing completed
Bitstream generation in progress......
Bitstream generation completed
Running power analysis......
[100%] Power analysis completed
Generate file "C:\SAFE-FIELD\fpga\safe_field_tang_blink\safe_field_tang_blink\impl\pnr\safe_field_tang_blink.power.html" completed
Generate file "C:\SAFE-FIELD\fpga\safe_field_tang_blink\safe_field_tang_blink\impl\pnr\safe_field_tang_blink.pin.html" completed
Generate file "C:\SAFE-FIELD\fpga\safe_field_tang_blink\safe_field_tang_blink\impl\pnr\safe_field_tang_blink.rpt.html" completed
Generate file "C:\SAFE-FIELD\fpga\safe_field_tang_blink\safe_field_tang_blink\impl\pnr\safe_field_tang_blink.rpt.txt" completed
Generate file "C:\SAFE-FIELD\fpga\safe_field_tang_blink\safe_field_tang_blink\impl\pnr\safe_field_tang_blink.tr.html" completed
Wed Sep  2 16:02:39 2026

