GowinSynthesis start
Running parser ...
Analyzing Verilog file 'C:\SAFE-FIELD\fpga\tp4-audio-inmp441\src\rasp_to_tang.v'
Analyzing Verilog file 'C:\SAFE-FIELD\fpga\tp4-audio-inmp441\src\i2s_clock_gen.v'
Analyzing Verilog file 'C:\SAFE-FIELD\fpga\tp4-audio-inmp441\src\i2s_rx_24.v'
Analyzing Verilog file 'C:\SAFE-FIELD\fpga\tp4-audio-inmp441\src\audio_energy_detector.v'
Analyzing Verilog file 'C:\SAFE-FIELD\fpga\tp4-audio-inmp441\src\safe_field_tp4.v'
Compiling module 'safe_field_tp4'("C:\SAFE-FIELD\fpga\tp4-audio-inmp441\src\safe_field_tp4.v":3)
Compiling module 'i2s_clock_gen'("C:\SAFE-FIELD\fpga\tp4-audio-inmp441\src\i2s_clock_gen.v":6)
Compiling module 'i2s_rx_24'("C:\SAFE-FIELD\fpga\tp4-audio-inmp441\src\i2s_rx_24.v":6)
Compiling module 'audio_energy_detector(THRESHOLD_ON=24'b000000001100001101010000,THRESHOLD_OFF=24'b000000000111010100110000)'("C:\SAFE-FIELD\fpga\tp4-audio-inmp441\src\audio_energy_detector.v":8)
Compiling module 'rasp_to_tang'("C:\SAFE-FIELD\fpga\tp4-audio-inmp441\src\rasp_to_tang.v":1)
NOTE  (EX0101) : Current top module is "safe_field_tp4"
[5%] Running netlist conversion ...
Running device independent optimization ...
[10%] Optimizing Phase 0 completed
[15%] Optimizing Phase 1 completed
[25%] Optimizing Phase 2 completed
Running inference ...
[30%] Inferring Phase 0 completed
[40%] Inferring Phase 1 completed
[50%] Inferring Phase 2 completed
[55%] Inferring Phase 3 completed
Running technical mapping ...
[60%] Tech-Mapping Phase 0 completed
[65%] Tech-Mapping Phase 1 completed
[75%] Tech-Mapping Phase 2 completed
[80%] Tech-Mapping Phase 3 completed
[90%] Tech-Mapping Phase 4 completed
WARN  (NL0002) : The module "rasp_to_tang" instantiated to "gpio17_baseline" is swept in optimizing("C:\SAFE-FIELD\fpga\tp4-audio-inmp441\src\safe_field_tp4.v":85)
[95%] Generate netlist file "C:\SAFE-FIELD\fpga\tp4-audio-inmp441\build\synthesis\impl\gwsynthesis\safe_field_tp4.vg" completed
[100%] Generate report file "C:\SAFE-FIELD\fpga\tp4-audio-inmp441\build\synthesis\impl\gwsynthesis\safe_field_tp4_syn.rpt.html" completed
GowinSynthesis finish
