GowinSynthesis start
Running parser ...
Analyzing Verilog file 'C:\SAFE-FIELD\fpga\tp4-audio-inmp441\verilog_tp4\rtl\frozen_baseline\i2s_clock_gen.v'
Analyzing Verilog file 'C:\SAFE-FIELD\fpga\tp4-audio-inmp441\verilog_tp4\rtl\frozen_baseline\i2s_rx_24.v'
Analyzing Verilog file 'C:\SAFE-FIELD\fpga\tp4-audio-inmp441\verilog_tp4\rtl\frozen_baseline\uart_tx_byte.v'
Analyzing Verilog file 'C:\SAFE-FIELD\fpga\tp4-audio-inmp441\verilog_mvp\pcm_stream_gain8\rtl\safe_field_pcm_s24_to_s16_sat.v'
Analyzing Verilog file 'C:\SAFE-FIELD\fpga\tp4-audio-inmp441\verilog_mvp\raw24_capture\rtl\safe_field_raw24_packet_tx.v'
Analyzing Verilog file 'C:\SAFE-FIELD\fpga\tp4-audio-inmp441\verilog_mvp\raw24_capture\rtl\safe_field_mvp_raw24_capture.v'
Compiling module 'safe_field_mvp_raw24_capture'("C:\SAFE-FIELD\fpga\tp4-audio-inmp441\verilog_mvp\raw24_capture\rtl\safe_field_mvp_raw24_capture.v":6)
Compiling module 'i2s_clock_gen'("C:\SAFE-FIELD\fpga\tp4-audio-inmp441\verilog_tp4\rtl\frozen_baseline\i2s_clock_gen.v":6)
Compiling module 'i2s_rx_24'("C:\SAFE-FIELD\fpga\tp4-audio-inmp441\verilog_tp4\rtl\frozen_baseline\i2s_rx_24.v":6)
Compiling module 'safe_field_raw24_packet_tx'("C:\SAFE-FIELD\fpga\tp4-audio-inmp441\verilog_mvp\raw24_capture\rtl\safe_field_raw24_packet_tx.v":19)
Extracting RAM for identifier 'raw_bank0'("C:\SAFE-FIELD\fpga\tp4-audio-inmp441\verilog_mvp\raw24_capture\rtl\safe_field_raw24_packet_tx.v":43)
Extracting RAM for identifier 'raw_bank1'("C:\SAFE-FIELD\fpga\tp4-audio-inmp441\verilog_mvp\raw24_capture\rtl\safe_field_raw24_packet_tx.v":44)
Extracting RAM for identifier 'pcm_bank0'("C:\SAFE-FIELD\fpga\tp4-audio-inmp441\verilog_mvp\raw24_capture\rtl\safe_field_raw24_packet_tx.v":45)
Extracting RAM for identifier 'pcm_bank1'("C:\SAFE-FIELD\fpga\tp4-audio-inmp441\verilog_mvp\raw24_capture\rtl\safe_field_raw24_packet_tx.v":46)
Compiling module 'safe_field_pcm_s24_to_s16_sat'("C:\SAFE-FIELD\fpga\tp4-audio-inmp441\verilog_mvp\pcm_stream_gain8\rtl\safe_field_pcm_s24_to_s16_sat.v":8)
Compiling module 'uart_tx_byte(CLKS_PER_BIT=18)'("C:\SAFE-FIELD\fpga\tp4-audio-inmp441\verilog_tp4\rtl\frozen_baseline\uart_tx_byte.v":5)
NOTE  (EX0101) : Current top module is "safe_field_mvp_raw24_capture"
[5%] Running netlist conversion ...
Running device independent optimization ...
[10%] Optimizing Phase 0 completed
[15%] Optimizing Phase 1 completed
[25%] Optimizing Phase 2 completed
Running inference ...
[30%] Inferring Phase 0 completed
[40%] Inferring Phase 1 completed
[50%] Inferring Phase 2 completed
[55%] Inferring Phase 3 completed
Running technical mapping ...
[60%] Tech-Mapping Phase 0 completed
[65%] Tech-Mapping Phase 1 completed
[75%] Tech-Mapping Phase 2 completed
[80%] Tech-Mapping Phase 3 completed
[90%] Tech-Mapping Phase 4 completed
[95%] Generate netlist file "C:\SAFE-FIELD\fpga\tp4-audio-inmp441\build\mvp_raw24_capture\impl\gwsynthesis\safe_field_mvp_raw24_capture.vg" completed
[100%] Generate report file "C:\SAFE-FIELD\fpga\tp4-audio-inmp441\build\mvp_raw24_capture\impl\gwsynthesis\safe_field_mvp_raw24_capture_syn.rpt.html" completed
GowinSynthesis finish
