{
  "schema_version": 1,
  "mode": "RAW_I2S_24_CAPTURE",
  "capture_id": "ed7fa167-6b82-4943-ab35-b706af1062b4",
  "label": "final_image_raw24_smoke",
  "started_at_utc": "2026-09-13T19:57:16.355602+00:00",
  "finished_at_utc": "2026-09-13T19:57:20.061534+00:00",
  "requested_duration_s": 3.0,
  "wall_duration_s": 3.012489402999563,
  "source_sample_rate_hz": 42187.5,
  "diagnostic_stride": 2,
  "diagnostic_sample_rate_hz": 21093.75,
  "raw24": {
    "count": 63456,
    "minimum": -244232,
    "maximum": 247370,
    "peak": 247370,
    "rms": 94145.96748000062,
    "dc_mean": -849.6302950075643,
    "standard_deviation": 94142.13361246462,
    "zero_samples": 1054,
    "nonzero_samples": 62402,
    "unique_samples": 52202,
    "signed_p50": 0,
    "signed_p95": 147198,
    "signed_p99": 212484,
    "absolute_p50": 72120,
    "absolute_p95": 174404,
    "absolute_p99": 219138,
    "path": "/home/safe-field/tp5-final-4df9885/assembly_tp5/evidence/final_image_raw24_smoke.s24le",
    "bytes": 190368,
    "sha256": "AD8599142B6E332A56D35BB7FF944CB1D5DF1C32E2C03D801A4211DCC612DF54",
    "format": "SIGNED_24_BIT_LITTLE_ENDIAN_HEADERLESS"
  },
  "pcm16_uart": {
    "count": 63456,
    "minimum": -7633,
    "maximum": 7730,
    "peak": 7730,
    "rms": 2942.066368339041,
    "dc_mean": -27.011803454362077,
    "standard_deviation": 2941.9423648647194,
    "zero_samples": 1062,
    "nonzero_samples": 62394,
    "unique_samples": 12620,
    "signed_p50": 0,
    "signed_p95": 4599,
    "signed_p99": 6640,
    "absolute_p50": 2253,
    "absolute_p95": 5450,
    "absolute_p99": 6848,
    "path": "/home/safe-field/tp5-final-4df9885/assembly_tp5/evidence/final_image_raw24_smoke_pcm16.wav",
    "file_bytes": 126956,
    "file_sha256": "92248CFA43812852D77ED7939926C8AB98F99262E9282E4F83AC1C9D7A26CBCA",
    "format": "WAV_PCM_S16_LE_MONO"
  },
  "csv": {
    "path": "/home/safe-field/tp5-final-4df9885/assembly_tp5/evidence/final_image_raw24_smoke.csv",
    "bytes": 1634714,
    "rows_including_header": 63457,
    "sha256": "8054416E090B57A754D32DFF8B9FE48F7C1D7203E6016B3CA54964B074296378"
  },
  "conversion": {
    "formula": "clamp_signed16(raw24 >>> 5)",
    "gain_relative_to_standard_raw24_to_pcm16": 8,
    "mismatches": 0,
    "saturated_samples": 0,
    "raw24_normalized_rms": 0.011223073897361829,
    "pcm16_normalized_rms": 0.08978474024472172,
    "observed_normalized_gain": 8.0000132820855,
    "observed_normalized_gain_db": 18.061814160668003,
    "expected_unsaturated_normalized_gain": 8.0,
    "expected_unsaturated_normalized_gain_db": 18.06179973983887
  },
  "uart_to_wav": {
    "byte_identical": true,
    "observed_gain": 1.0,
    "observed_gain_db": 0.0,
    "uart_pcm_payload_sha256": "DB05C626C1C6F4996545B56706177DA0B836DB54D5968BA2FC6E11AD8DF10641",
    "wav_pcm_payload_sha256": "DB05C626C1C6F4996545B56706177DA0B836DB54D5968BA2FC6E11AD8DF10641"
  },
  "transport": {
    "valid_frames": 3966,
    "crc_errors": 0,
    "format_errors": 0,
    "startup_candidate_errors": 0,
    "startup_alignment_discarded_bytes": 26,
    "resync_discarded_bytes": 0,
    "sequence_losses": 0,
    "source_counter_losses": 0,
    "sequence_discontinuities": 0,
    "source_counter_discontinuities": 0,
    "i2s_frame_error_packets": 0,
    "transport_overrun_packets": 0
  },
  "failed_gates": [],
  "pass": true
}
