{
  "physical": true,
  "baud": 1500000,
  "requested_duration_s": 10.0,
  "elapsed_duration_s": 10.000389599999949,
  "duration_reached": true,
  "commands_sent": 20,
  "responses": 20,
  "command_failures": 0,
  "command_losses": 0,
  "response_sequence_mismatches": 0,
  "response_sequence_losses": 0,
  "response_crc_errors": 0,
  "raw24_frames": 13183,
  "raw24_sequence_losses": 0,
  "raw24_source_counter_losses": 0,
  "raw24_source_counter_discontinuities": 0,
  "raw24_crc_errors": 0,
  "raw24_format_errors": 0,
  "command_seen_flag": true,
  "command_checksum_error_flag": false,
  "command_framing_error_flag": false,
  "uart_rx_low_seen_flag": true,
  "i2s_frame_error_flags": false,
  "transport_overrun_flags": false,
  "rtt_mean_us": 2449.4755999999998,
  "rtt_median_us": 2299.71,
  "rtt_p95_us": 2377.96,
  "throughput_responses_s": 1.9999220830356552,
  "throughput_commands_s": 1.9999220830356552,
  "csv": "evidence/raspberry_native/tp5_uart_stability_probe10s_v2.csv",
  "pass": true
}
