{
  "physical": true,
  "baud": 1500000,
  "requested_duration_s": 600.0,
  "elapsed_duration_s": 600.000120464,
  "duration_reached": true,
  "commands_sent": 600,
  "responses": 600,
  "command_failures": 0,
  "command_losses": 0,
  "response_sequence_mismatches": 0,
  "response_sequence_losses": 0,
  "response_crc_errors": 0,
  "raw24_frames": 790994,
  "raw24_sequence_losses": 2,
  "raw24_source_counter_losses": 2,
  "raw24_source_counter_discontinuities": 2,
  "raw24_crc_errors": 2,
  "raw24_format_errors": 0,
  "command_seen_flag": true,
  "command_checksum_error_flag": false,
  "command_framing_error_flag": false,
  "uart_rx_low_seen_flag": true,
  "i2s_frame_error_flags": false,
  "transport_overrun_flags": false,
  "rtt_mean_us": 214.58513,
  "rtt_median_us": 182.796,
  "rtt_p95_us": 377.259,
  "throughput_responses_s": 0.9999997992267069,
  "throughput_commands_s": 0.9999997992267069,
  "csv": "evidence/raspberry_native/tp5_uart_stability_600s_retry01.csv",
  "pass": false
}
