Reading netlist file: "C:\SAFE-FIELD\fpga\tp4-audio-inmp441\build\energy_calibration_capture\impl\gwsynthesis\energy_calibration_capture.vg"
Parsing netlist file "C:\SAFE-FIELD\fpga\tp4-audio-inmp441\build\energy_calibration_capture\impl\gwsynthesis\energy_calibration_capture.vg" completed
WARN  (PA1001) : Dangling net 'n7_1_SUM'(source:'n7_s0') in module 'i2s_rx_24' has no destination
WARN  (PA1001) : Dangling net 'n8_1_SUM'(source:'n8_s0') in module 'i2s_rx_24' has no destination
WARN  (PA1001) : Dangling net 'n9_1_SUM'(source:'n9_s0') in module 'i2s_rx_24' has no destination
WARN  (PA1001) : Dangling net 'n10_1_SUM'(source:'n10_s0') in module 'i2s_rx_24' has no destination
WARN  (PA1001) : Dangling net 'n11_1_SUM'(source:'n11_s0') in module 'i2s_rx_24' has no destination
WARN  (PA1001) : Dangling net 'n12_1_SUM'(source:'n12_s0') in module 'i2s_rx_24' has no destination
WARN  (PA1001) : Dangling net 'run_test_idle_er1'(source:'u_gw_jtag') in module 'gw_gao' has no destination
WARN  (PA1001) : Dangling net 'run_test_idle_er2'(source:'u_gw_jtag') in module 'gw_gao' has no destination
WARN  (PA1001) : Dangling net 'pause_dr'(source:'u_gw_jtag') in module 'gw_gao' has no destination
WARN  (PA1001) : Dangling net 'enable_er2'(source:'u_gw_jtag') in module 'gw_gao' has no destination
WARN  (PA1001) : Dangling net 'n1395_27_SUM'(source:'n1395_s26') in module 'ao_top_0' has no destination
WARN  (PA1001) : Dangling net 'n1395_28_SUM'(source:'n1395_s27') in module 'ao_top_0' has no destination
WARN  (PA1001) : Dangling net 'n1395_29_SUM'(source:'n1395_s28') in module 'ao_top_0' has no destination
WARN  (PA1001) : Dangling net 'n1395_30_SUM'(source:'n1395_s29') in module 'ao_top_0' has no destination
WARN  (PA1001) : Dangling net 'n1395_31_SUM'(source:'n1395_s30') in module 'ao_top_0' has no destination
WARN  (PA1001) : Dangling net 'n1395_32_SUM'(source:'n1395_s31') in module 'ao_top_0' has no destination
WARN  (PA1001) : Dangling net 'n1395_33_SUM'(source:'n1395_s32') in module 'ao_top_0' has no destination
WARN  (PA1001) : Dangling net 'n1395_34_SUM'(source:'n1395_s33') in module 'ao_top_0' has no destination
WARN  (PA1001) : Dangling net 'n1395_35_SUM'(source:'n1395_s34') in module 'ao_top_0' has no destination
WARN  (PA1001) : Dangling net 'n1395_36_SUM'(source:'n1395_s35') in module 'ao_top_0' has no destination
WARN  (PA1001) : Dangling net 'n1395_37_SUM'(source:'n1395_s36') in module 'ao_top_0' has no destination
WARN  (PA1001) : Dangling net 'n1395_38_SUM'(source:'n1395_s37') in module 'ao_top_0' has no destination
WARN  (PA1001) : Dangling net 'n1421_1_SUM'(source:'n1421_s0') in module 'ao_top_0' has no destination
WARN  (PA1001) : Dangling net 'n1422_1_SUM'(source:'n1422_s0') in module 'ao_top_0' has no destination
WARN  (PA1001) : Dangling net 'n1423_1_SUM'(source:'n1423_s0') in module 'ao_top_0' has no destination
WARN  (PA1001) : Dangling net 'n1424_1_SUM'(source:'n1424_s0') in module 'ao_top_0' has no destination
WARN  (PA1001) : Dangling net 'DO[2]'(source:'mem_mem_0_0_s') in module 'ao_mem_ctrl_0' has no destination
WARN  (PA1001) : Dangling net 'DO[3]'(source:'mem_mem_0_0_s') in module 'ao_mem_ctrl_0' has no destination
WARN  (PA1001) : Dangling net 'DO[4]'(source:'mem_mem_0_0_s') in module 'ao_mem_ctrl_0' has no destination
WARN  (PA1001) : Dangling net 'DO[5]'(source:'mem_mem_0_0_s') in module 'ao_mem_ctrl_0' has no destination
WARN  (PA1001) : Dangling net 'DO[6]'(source:'mem_mem_0_0_s') in module 'ao_mem_ctrl_0' has no destination
WARN  (PA1001) : Dangling net 'DO[7]'(source:'mem_mem_0_0_s') in module 'ao_mem_ctrl_0' has no destination
WARN  (PA1001) : Dangling net 'DO[8]'(source:'mem_mem_0_0_s') in module 'ao_mem_ctrl_0' has no destination
WARN  (PA1001) : Dangling net 'DO[9]'(source:'mem_mem_0_0_s') in module 'ao_mem_ctrl_0' has no destination
WARN  (PA1001) : Dangling net 'DO[10]'(source:'mem_mem_0_0_s') in module 'ao_mem_ctrl_0' has no destination
WARN  (PA1001) : Dangling net 'DO[11]'(source:'mem_mem_0_0_s') in module 'ao_mem_ctrl_0' has no destination
WARN  (PA1001) : Dangling net 'DO[12]'(source:'mem_mem_0_0_s') in module 'ao_mem_ctrl_0' has no destination
WARN  (PA1001) : Dangling net 'DO[13]'(source:'mem_mem_0_0_s') in module 'ao_mem_ctrl_0' has no destination
WARN  (PA1001) : Dangling net 'DO[14]'(source:'mem_mem_0_0_s') in module 'ao_mem_ctrl_0' has no destination
WARN  (PA1001) : Dangling net 'DO[15]'(source:'mem_mem_0_0_s') in module 'ao_mem_ctrl_0' has no destination
WARN  (PA1001) : Dangling net 'DO[16]'(source:'mem_mem_0_0_s') in module 'ao_mem_ctrl_0' has no destination
WARN  (PA1001) : Dangling net 'DO[17]'(source:'mem_mem_0_0_s') in module 'ao_mem_ctrl_0' has no destination
WARN  (PA1001) : Dangling net 'DO[18]'(source:'mem_mem_0_0_s') in module 'ao_mem_ctrl_0' has no destination
WARN  (PA1001) : Dangling net 'DO[19]'(source:'mem_mem_0_0_s') in module 'ao_mem_ctrl_0' has no destination
WARN  (PA1001) : Dangling net 'DO[20]'(source:'mem_mem_0_0_s') in module 'ao_mem_ctrl_0' has no destination
WARN  (PA1001) : Dangling net 'DO[21]'(source:'mem_mem_0_0_s') in module 'ao_mem_ctrl_0' has no destination
WARN  (PA1001) : Dangling net 'DO[22]'(source:'mem_mem_0_0_s') in module 'ao_mem_ctrl_0' has no destination
WARN  (PA1001) : Dangling net 'DO[23]'(source:'mem_mem_0_0_s') in module 'ao_mem_ctrl_0' has no destination
WARN  (PA1001) : Dangling net 'DO[24]'(source:'mem_mem_0_0_s') in module 'ao_mem_ctrl_0' has no destination
WARN  (PA1001) : Dangling net 'DO[25]'(source:'mem_mem_0_0_s') in module 'ao_mem_ctrl_0' has no destination
WARN  (PA1001) : Dangling net 'DO[26]'(source:'mem_mem_0_0_s') in module 'ao_mem_ctrl_0' has no destination
WARN  (PA1001) : Dangling net 'DO[27]'(source:'mem_mem_0_0_s') in module 'ao_mem_ctrl_0' has no destination
WARN  (PA1001) : Dangling net 'DO[28]'(source:'mem_mem_0_0_s') in module 'ao_mem_ctrl_0' has no destination
WARN  (PA1001) : Dangling net 'DO[29]'(source:'mem_mem_0_0_s') in module 'ao_mem_ctrl_0' has no destination
WARN  (PA1001) : Dangling net 'DO[30]'(source:'mem_mem_0_0_s') in module 'ao_mem_ctrl_0' has no destination
WARN  (PA1001) : Dangling net 'DO[31]'(source:'mem_mem_0_0_s') in module 'ao_mem_ctrl_0' has no destination
WARN  (PA1001) : Dangling net 'DO_0[2]'(source:'mem_mem_0_1_s') in module 'ao_mem_ctrl_0' has no destination
WARN  (PA1001) : Dangling net 'DO_0[3]'(source:'mem_mem_0_1_s') in module 'ao_mem_ctrl_0' has no destination
WARN  (PA1001) : Dangling net 'DO_0[4]'(source:'mem_mem_0_1_s') in module 'ao_mem_ctrl_0' has no destination
WARN  (PA1001) : Dangling net 'DO_0[5]'(source:'mem_mem_0_1_s') in module 'ao_mem_ctrl_0' has no destination
WARN  (PA1001) : Dangling net 'DO_0[6]'(source:'mem_mem_0_1_s') in module 'ao_mem_ctrl_0' has no destination
WARN  (PA1001) : Dangling net 'DO_0[7]'(source:'mem_mem_0_1_s') in module 'ao_mem_ctrl_0' has no destination
WARN  (PA1001) : Dangling net 'DO_0[8]'(source:'mem_mem_0_1_s') in module 'ao_mem_ctrl_0' has no destination
WARN  (PA1001) : Dangling net 'DO_0[9]'(source:'mem_mem_0_1_s') in module 'ao_mem_ctrl_0' has no destination
WARN  (PA1001) : Dangling net 'DO_0[10]'(source:'mem_mem_0_1_s') in module 'ao_mem_ctrl_0' has no destination
WARN  (PA1001) : Dangling net 'DO_0[11]'(source:'mem_mem_0_1_s') in module 'ao_mem_ctrl_0' has no destination
WARN  (PA1001) : Dangling net 'DO_0[12]'(source:'mem_mem_0_1_s') in module 'ao_mem_ctrl_0' has no destination
WARN  (PA1001) : Dangling net 'DO_0[13]'(source:'mem_mem_0_1_s') in module 'ao_mem_ctrl_0' has no destination
WARN  (PA1001) : Dangling net 'DO_0[14]'(source:'mem_mem_0_1_s') in module 'ao_mem_ctrl_0' has no destination
WARN  (PA1001) : Dangling net 'DO_0[15]'(source:'mem_mem_0_1_s') in module 'ao_mem_ctrl_0' has no destination
WARN  (PA1001) : Dangling net 'DO_0[16]'(source:'mem_mem_0_1_s') in module 'ao_mem_ctrl_0' has no destination
WARN  (PA1001) : Dangling net 'DO_0[17]'(source:'mem_mem_0_1_s') in module 'ao_mem_ctrl_0' has no destination
WARN  (PA1001) : Dangling net 'DO_0[18]'(source:'mem_mem_0_1_s') in module 'ao_mem_ctrl_0' has no destination
WARN  (PA1001) : Dangling net 'DO_0[19]'(source:'mem_mem_0_1_s') in module 'ao_mem_ctrl_0' has no destination
WARN  (PA1001) : Dangling net 'DO_0[20]'(source:'mem_mem_0_1_s') in module 'ao_mem_ctrl_0' has no destination
WARN  (PA1001) : Dangling net 'DO_0[21]'(source:'mem_mem_0_1_s') in module 'ao_mem_ctrl_0' has no destination
WARN  (PA1001) : Dangling net 'DO_0[22]'(source:'mem_mem_0_1_s') in module 'ao_mem_ctrl_0' has no destination
WARN  (PA1001) : Dangling net 'DO_0[23]'(source:'mem_mem_0_1_s') in module 'ao_mem_ctrl_0' has no destination
WARN  (PA1001) : Dangling net 'DO_0[24]'(source:'mem_mem_0_1_s') in module 'ao_mem_ctrl_0' has no destination
WARN  (PA1001) : Dangling net 'DO_0[25]'(source:'mem_mem_0_1_s') in module 'ao_mem_ctrl_0' has no destination
WARN  (PA1001) : Dangling net 'DO_0[26]'(source:'mem_mem_0_1_s') in module 'ao_mem_ctrl_0' has no destination
WARN  (PA1001) : Dangling net 'DO_0[27]'(source:'mem_mem_0_1_s') in module 'ao_mem_ctrl_0' has no destination
WARN  (PA1001) : Dangling net 'DO_0[28]'(source:'mem_mem_0_1_s') in module 'ao_mem_ctrl_0' has no destination
WARN  (PA1001) : Dangling net 'DO_0[29]'(source:'mem_mem_0_1_s') in module 'ao_mem_ctrl_0' has no destination
WARN  (PA1001) : Dangling net 'DO_0[30]'(source:'mem_mem_0_1_s') in module 'ao_mem_ctrl_0' has no destination
WARN  (PA1001) : Dangling net 'DO_0[31]'(source:'mem_mem_0_1_s') in module 'ao_mem_ctrl_0' has no destination
WARN  (PA1001) : Dangling net 'DO_1[2]'(source:'mem_mem_0_2_s') in module 'ao_mem_ctrl_0' has no destination
WARN  (PA1001) : Dangling net 'DO_1[3]'(source:'mem_mem_0_2_s') in module 'ao_mem_ctrl_0' has no destination
WARN  (PA1001) : Dangling net 'DO_1[4]'(source:'mem_mem_0_2_s') in module 'ao_mem_ctrl_0' has no destination
WARN  (PA1001) : Dangling net 'DO_1[5]'(source:'mem_mem_0_2_s') in module 'ao_mem_ctrl_0' has no destination
WARN  (PA1001) : Dangling net 'DO_1[6]'(source:'mem_mem_0_2_s') in module 'ao_mem_ctrl_0' has no destination
WARN  (PA1001) : Dangling net 'DO_1[7]'(source:'mem_mem_0_2_s') in module 'ao_mem_ctrl_0' has no destination
WARN  (PA1001) : Dangling net 'DO_1[8]'(source:'mem_mem_0_2_s') in module 'ao_mem_ctrl_0' has no destination
WARN  (PA1001) : Dangling net 'DO_1[9]'(source:'mem_mem_0_2_s') in module 'ao_mem_ctrl_0' has no destination
WARN  (PA1001) : Dangling net 'DO_1[10]'(source:'mem_mem_0_2_s') in module 'ao_mem_ctrl_0' has no destination
WARN  (PA1001) : Dangling net 'DO_1[11]'(source:'mem_mem_0_2_s') in module 'ao_mem_ctrl_0' has no destination
WARN  (PA1001) : Dangling net 'DO_1[12]'(source:'mem_mem_0_2_s') in module 'ao_mem_ctrl_0' has no destination
WARN  (PA1001) : Dangling net 'DO_1[13]'(source:'mem_mem_0_2_s') in module 'ao_mem_ctrl_0' has no destination
WARN  (PA1001) : Dangling net 'DO_1[14]'(source:'mem_mem_0_2_s') in module 'ao_mem_ctrl_0' has no destination
WARN  (PA1001) : Dangling net 'DO_1[15]'(source:'mem_mem_0_2_s') in module 'ao_mem_ctrl_0' has no destination
WARN  (PA1001) : Dangling net 'DO_1[16]'(source:'mem_mem_0_2_s') in module 'ao_mem_ctrl_0' has no destination
WARN  (PA1001) : Dangling net 'DO_1[17]'(source:'mem_mem_0_2_s') in module 'ao_mem_ctrl_0' has no destination
WARN  (PA1001) : Dangling net 'DO_1[18]'(source:'mem_mem_0_2_s') in module 'ao_mem_ctrl_0' has no destination
WARN  (PA1001) : Dangling net 'DO_1[19]'(source:'mem_mem_0_2_s') in module 'ao_mem_ctrl_0' has no destination
WARN  (PA1001) : Dangling net 'DO_1[20]'(source:'mem_mem_0_2_s') in module 'ao_mem_ctrl_0' has no destination
WARN  (PA1001) : Dangling net 'DO_1[21]'(source:'mem_mem_0_2_s') in module 'ao_mem_ctrl_0' has no destination
WARN  (PA1001) : Dangling net 'DO_1[22]'(source:'mem_mem_0_2_s') in module 'ao_mem_ctrl_0' has no destination
WARN  (PA1001) : Dangling net 'DO_1[23]'(source:'mem_mem_0_2_s') in module 'ao_mem_ctrl_0' has no destination
WARN  (PA1001) : Dangling net 'DO_1[24]'(source:'mem_mem_0_2_s') in module 'ao_mem_ctrl_0' has no destination
WARN  (PA1001) : Dangling net 'DO_1[25]'(source:'mem_mem_0_2_s') in module 'ao_mem_ctrl_0' has no destination
WARN  (PA1001) : Dangling net 'DO_1[26]'(source:'mem_mem_0_2_s') in module 'ao_mem_ctrl_0' has no destination
WARN  (PA1001) : Dangling net 'DO_1[27]'(source:'mem_mem_0_2_s') in module 'ao_mem_ctrl_0' has no destination
WARN  (PA1001) : Dangling net 'DO_1[28]'(source:'mem_mem_0_2_s') in module 'ao_mem_ctrl_0' has no destination
WARN  (PA1001) : Dangling net 'DO_1[29]'(source:'mem_mem_0_2_s') in module 'ao_mem_ctrl_0' has no destination
WARN  (PA1001) : Dangling net 'DO_1[30]'(source:'mem_mem_0_2_s') in module 'ao_mem_ctrl_0' has no destination
WARN  (PA1001) : Dangling net 'DO_1[31]'(source:'mem_mem_0_2_s') in module 'ao_mem_ctrl_0' has no destination
WARN  (PA1001) : Dangling net 'DO_2[2]'(source:'mem_mem_0_3_s') in module 'ao_mem_ctrl_0' has no destination
WARN  (PA1001) : Dangling net 'DO_2[3]'(source:'mem_mem_0_3_s') in module 'ao_mem_ctrl_0' has no destination
WARN  (PA1001) : Dangling net 'DO_2[4]'(source:'mem_mem_0_3_s') in module 'ao_mem_ctrl_0' has no destination
WARN  (PA1001) : Dangling net 'DO_2[5]'(source:'mem_mem_0_3_s') in module 'ao_mem_ctrl_0' has no destination
WARN  (PA1001) : Dangling net 'DO_2[6]'(source:'mem_mem_0_3_s') in module 'ao_mem_ctrl_0' has no destination
WARN  (PA1001) : Dangling net 'DO_2[7]'(source:'mem_mem_0_3_s') in module 'ao_mem_ctrl_0' has no destination
WARN  (PA1001) : Dangling net 'DO_2[8]'(source:'mem_mem_0_3_s') in module 'ao_mem_ctrl_0' has no destination
WARN  (PA1001) : Dangling net 'DO_2[9]'(source:'mem_mem_0_3_s') in module 'ao_mem_ctrl_0' has no destination
WARN  (PA1001) : Dangling net 'DO_2[10]'(source:'mem_mem_0_3_s') in module 'ao_mem_ctrl_0' has no destination
WARN  (PA1001) : Dangling net 'DO_2[11]'(source:'mem_mem_0_3_s') in module 'ao_mem_ctrl_0' has no destination
WARN  (PA1001) : Dangling net 'DO_2[12]'(source:'mem_mem_0_3_s') in module 'ao_mem_ctrl_0' has no destination
WARN  (PA1001) : Dangling net 'DO_2[13]'(source:'mem_mem_0_3_s') in module 'ao_mem_ctrl_0' has no destination
WARN  (PA1001) : Dangling net 'DO_2[14]'(source:'mem_mem_0_3_s') in module 'ao_mem_ctrl_0' has no destination
WARN  (PA1001) : Dangling net 'DO_2[15]'(source:'mem_mem_0_3_s') in module 'ao_mem_ctrl_0' has no destination
WARN  (PA1001) : Dangling net 'DO_2[16]'(source:'mem_mem_0_3_s') in module 'ao_mem_ctrl_0' has no destination
WARN  (PA1001) : Dangling net 'DO_2[17]'(source:'mem_mem_0_3_s') in module 'ao_mem_ctrl_0' has no destination
WARN  (PA1001) : Dangling net 'DO_2[18]'(source:'mem_mem_0_3_s') in module 'ao_mem_ctrl_0' has no destination
WARN  (PA1001) : Dangling net 'DO_2[19]'(source:'mem_mem_0_3_s') in module 'ao_mem_ctrl_0' has no destination
WARN  (PA1001) : Dangling net 'DO_2[20]'(source:'mem_mem_0_3_s') in module 'ao_mem_ctrl_0' has no destination
WARN  (PA1001) : Dangling net 'DO_2[21]'(source:'mem_mem_0_3_s') in module 'ao_mem_ctrl_0' has no destination
WARN  (PA1001) : Dangling net 'DO_2[22]'(source:'mem_mem_0_3_s') in module 'ao_mem_ctrl_0' has no destination
WARN  (PA1001) : Dangling net 'DO_2[23]'(source:'mem_mem_0_3_s') in module 'ao_mem_ctrl_0' has no destination
WARN  (PA1001) : Dangling net 'DO_2[24]'(source:'mem_mem_0_3_s') in module 'ao_mem_ctrl_0' has no destination
WARN  (PA1001) : Dangling net 'DO_2[25]'(source:'mem_mem_0_3_s') in module 'ao_mem_ctrl_0' has no destination
WARN  (PA1001) : Dangling net 'DO_2[26]'(source:'mem_mem_0_3_s') in module 'ao_mem_ctrl_0' has no destination
WARN  (PA1001) : Dangling net 'DO_2[27]'(source:'mem_mem_0_3_s') in module 'ao_mem_ctrl_0' has no destination
WARN  (PA1001) : Dangling net 'DO_2[28]'(source:'mem_mem_0_3_s') in module 'ao_mem_ctrl_0' has no destination
WARN  (PA1001) : Dangling net 'DO_2[29]'(source:'mem_mem_0_3_s') in module 'ao_mem_ctrl_0' has no destination
WARN  (PA1001) : Dangling net 'DO_2[30]'(source:'mem_mem_0_3_s') in module 'ao_mem_ctrl_0' has no destination
WARN  (PA1001) : Dangling net 'DO_2[31]'(source:'mem_mem_0_3_s') in module 'ao_mem_ctrl_0' has no destination
WARN  (PA1001) : Dangling net 'DO_3[2]'(source:'mem_mem_0_4_s') in module 'ao_mem_ctrl_0' has no destination
WARN  (PA1001) : Dangling net 'DO_3[3]'(source:'mem_mem_0_4_s') in module 'ao_mem_ctrl_0' has no destination
WARN  (PA1001) : Dangling net 'DO_3[4]'(source:'mem_mem_0_4_s') in module 'ao_mem_ctrl_0' has no destination
WARN  (PA1001) : Dangling net 'DO_3[5]'(source:'mem_mem_0_4_s') in module 'ao_mem_ctrl_0' has no destination
WARN  (PA1001) : Dangling net 'DO_3[6]'(source:'mem_mem_0_4_s') in module 'ao_mem_ctrl_0' has no destination
WARN  (PA1001) : Dangling net 'DO_3[7]'(source:'mem_mem_0_4_s') in module 'ao_mem_ctrl_0' has no destination
WARN  (PA1001) : Dangling net 'DO_3[8]'(source:'mem_mem_0_4_s') in module 'ao_mem_ctrl_0' has no destination
WARN  (PA1001) : Dangling net 'DO_3[9]'(source:'mem_mem_0_4_s') in module 'ao_mem_ctrl_0' has no destination
WARN  (PA1001) : Dangling net 'DO_3[10]'(source:'mem_mem_0_4_s') in module 'ao_mem_ctrl_0' has no destination
WARN  (PA1001) : Dangling net 'DO_3[11]'(source:'mem_mem_0_4_s') in module 'ao_mem_ctrl_0' has no destination
WARN  (PA1001) : Dangling net 'DO_3[12]'(source:'mem_mem_0_4_s') in module 'ao_mem_ctrl_0' has no destination
WARN  (PA1001) : Dangling net 'DO_3[13]'(source:'mem_mem_0_4_s') in module 'ao_mem_ctrl_0' has no destination
WARN  (PA1001) : Dangling net 'DO_3[14]'(source:'mem_mem_0_4_s') in module 'ao_mem_ctrl_0' has no destination
WARN  (PA1001) : Dangling net 'DO_3[15]'(source:'mem_mem_0_4_s') in module 'ao_mem_ctrl_0' has no destination
WARN  (PA1001) : Dangling net 'DO_3[16]'(source:'mem_mem_0_4_s') in module 'ao_mem_ctrl_0' has no destination
WARN  (PA1001) : Dangling net 'DO_3[17]'(source:'mem_mem_0_4_s') in module 'ao_mem_ctrl_0' has no destination
WARN  (PA1001) : Dangling net 'DO_3[18]'(source:'mem_mem_0_4_s') in module 'ao_mem_ctrl_0' has no destination
WARN  (PA1001) : Dangling net 'DO_3[19]'(source:'mem_mem_0_4_s') in module 'ao_mem_ctrl_0' has no destination
WARN  (PA1001) : Dangling net 'DO_3[20]'(source:'mem_mem_0_4_s') in module 'ao_mem_ctrl_0' has no destination
WARN  (PA1001) : Dangling net 'DO_3[21]'(source:'mem_mem_0_4_s') in module 'ao_mem_ctrl_0' has no destination
WARN  (PA1001) : Dangling net 'DO_3[22]'(source:'mem_mem_0_4_s') in module 'ao_mem_ctrl_0' has no destination
WARN  (PA1001) : Dangling net 'DO_3[23]'(source:'mem_mem_0_4_s') in module 'ao_mem_ctrl_0' has no destination
WARN  (PA1001) : Dangling net 'DO_3[24]'(source:'mem_mem_0_4_s') in module 'ao_mem_ctrl_0' has no destination
WARN  (PA1001) : Dangling net 'DO_3[25]'(source:'mem_mem_0_4_s') in module 'ao_mem_ctrl_0' has no destination
WARN  (PA1001) : Dangling net 'DO_3[26]'(source:'mem_mem_0_4_s') in module 'ao_mem_ctrl_0' has no destination
WARN  (PA1001) : Dangling net 'DO_3[27]'(source:'mem_mem_0_4_s') in module 'ao_mem_ctrl_0' has no destination
WARN  (PA1001) : Dangling net 'DO_3[28]'(source:'mem_mem_0_4_s') in module 'ao_mem_ctrl_0' has no destination
WARN  (PA1001) : Dangling net 'DO_3[29]'(source:'mem_mem_0_4_s') in module 'ao_mem_ctrl_0' has no destination
WARN  (PA1001) : Dangling net 'DO_3[30]'(source:'mem_mem_0_4_s') in module 'ao_mem_ctrl_0' has no destination
WARN  (PA1001) : Dangling net 'DO_3[31]'(source:'mem_mem_0_4_s') in module 'ao_mem_ctrl_0' has no destination
WARN  (PA1001) : Dangling net 'DO_4[2]'(source:'mem_mem_0_5_s') in module 'ao_mem_ctrl_0' has no destination
WARN  (PA1001) : Dangling net 'DO_4[3]'(source:'mem_mem_0_5_s') in module 'ao_mem_ctrl_0' has no destination
WARN  (PA1001) : Dangling net 'DO_4[4]'(source:'mem_mem_0_5_s') in module 'ao_mem_ctrl_0' has no destination
WARN  (PA1001) : Dangling net 'DO_4[5]'(source:'mem_mem_0_5_s') in module 'ao_mem_ctrl_0' has no destination
WARN  (PA1001) : Dangling net 'DO_4[6]'(source:'mem_mem_0_5_s') in module 'ao_mem_ctrl_0' has no destination
WARN  (PA1001) : Dangling net 'DO_4[7]'(source:'mem_mem_0_5_s') in module 'ao_mem_ctrl_0' has no destination
WARN  (PA1001) : Dangling net 'DO_4[8]'(source:'mem_mem_0_5_s') in module 'ao_mem_ctrl_0' has no destination
WARN  (PA1001) : Dangling net 'DO_4[9]'(source:'mem_mem_0_5_s') in module 'ao_mem_ctrl_0' has no destination
WARN  (PA1001) : Dangling net 'DO_4[10]'(source:'mem_mem_0_5_s') in module 'ao_mem_ctrl_0' has no destination
WARN  (PA1001) : Dangling net 'DO_4[11]'(source:'mem_mem_0_5_s') in module 'ao_mem_ctrl_0' has no destination
WARN  (PA1001) : Dangling net 'DO_4[12]'(source:'mem_mem_0_5_s') in module 'ao_mem_ctrl_0' has no destination
WARN  (PA1001) : Dangling net 'DO_4[13]'(source:'mem_mem_0_5_s') in module 'ao_mem_ctrl_0' has no destination
WARN  (PA1001) : Dangling net 'DO_4[14]'(source:'mem_mem_0_5_s') in module 'ao_mem_ctrl_0' has no destination
WARN  (PA1001) : Dangling net 'DO_4[15]'(source:'mem_mem_0_5_s') in module 'ao_mem_ctrl_0' has no destination
WARN  (PA1001) : Dangling net 'DO_4[16]'(source:'mem_mem_0_5_s') in module 'ao_mem_ctrl_0' has no destination
WARN  (PA1001) : Dangling net 'DO_4[17]'(source:'mem_mem_0_5_s') in module 'ao_mem_ctrl_0' has no destination
WARN  (PA1001) : Dangling net 'DO_4[18]'(source:'mem_mem_0_5_s') in module 'ao_mem_ctrl_0' has no destination
WARN  (PA1001) : Dangling net 'DO_4[19]'(source:'mem_mem_0_5_s') in module 'ao_mem_ctrl_0' has no destination
WARN  (PA1001) : Dangling net 'DO_4[20]'(source:'mem_mem_0_5_s') in module 'ao_mem_ctrl_0' has no destination
WARN  (PA1001) : Dangling net 'DO_4[21]'(source:'mem_mem_0_5_s') in module 'ao_mem_ctrl_0' has no destination
WARN  (PA1001) : Dangling net 'DO_4[22]'(source:'mem_mem_0_5_s') in module 'ao_mem_ctrl_0' has no destination
WARN  (PA1001) : Dangling net 'DO_4[23]'(source:'mem_mem_0_5_s') in module 'ao_mem_ctrl_0' has no destination
WARN  (PA1001) : Dangling net 'DO_4[24]'(source:'mem_mem_0_5_s') in module 'ao_mem_ctrl_0' has no destination
WARN  (PA1001) : Dangling net 'DO_4[25]'(source:'mem_mem_0_5_s') in module 'ao_mem_ctrl_0' has no destination
WARN  (PA1001) : Dangling net 'DO_4[26]'(source:'mem_mem_0_5_s') in module 'ao_mem_ctrl_0' has no destination
WARN  (PA1001) : Dangling net 'DO_4[27]'(source:'mem_mem_0_5_s') in module 'ao_mem_ctrl_0' has no destination
WARN  (PA1001) : Dangling net 'DO_4[28]'(source:'mem_mem_0_5_s') in module 'ao_mem_ctrl_0' has no destination
WARN  (PA1001) : Dangling net 'DO_4[29]'(source:'mem_mem_0_5_s') in module 'ao_mem_ctrl_0' has no destination
WARN  (PA1001) : Dangling net 'DO_4[30]'(source:'mem_mem_0_5_s') in module 'ao_mem_ctrl_0' has no destination
WARN  (PA1001) : Dangling net 'DO_4[31]'(source:'mem_mem_0_5_s') in module 'ao_mem_ctrl_0' has no destination
WARN  (PA1001) : Dangling net 'DO_5[2]'(source:'mem_mem_0_6_s') in module 'ao_mem_ctrl_0' has no destination
WARN  (PA1001) : Dangling net 'DO_5[3]'(source:'mem_mem_0_6_s') in module 'ao_mem_ctrl_0' has no destination
WARN  (PA1001) : Dangling net 'DO_5[4]'(source:'mem_mem_0_6_s') in module 'ao_mem_ctrl_0' has no destination
WARN  (PA1001) : Dangling net 'DO_5[5]'(source:'mem_mem_0_6_s') in module 'ao_mem_ctrl_0' has no destination
WARN  (PA1001) : Dangling net 'DO_5[6]'(source:'mem_mem_0_6_s') in module 'ao_mem_ctrl_0' has no destination
WARN  (PA1001) : Dangling net 'DO_5[7]'(source:'mem_mem_0_6_s') in module 'ao_mem_ctrl_0' has no destination
WARN  (PA1001) : Dangling net 'DO_5[8]'(source:'mem_mem_0_6_s') in module 'ao_mem_ctrl_0' has no destination
WARN  (PA1001) : Dangling net 'DO_5[9]'(source:'mem_mem_0_6_s') in module 'ao_mem_ctrl_0' has no destination
WARN  (PA1001) : Dangling net 'DO_5[10]'(source:'mem_mem_0_6_s') in module 'ao_mem_ctrl_0' has no destination
WARN  (PA1001) : Dangling net 'DO_5[11]'(source:'mem_mem_0_6_s') in module 'ao_mem_ctrl_0' has no destination
WARN  (PA1001) : Dangling net 'DO_5[12]'(source:'mem_mem_0_6_s') in module 'ao_mem_ctrl_0' has no destination
WARN  (PA1001) : Dangling net 'DO_5[13]'(source:'mem_mem_0_6_s') in module 'ao_mem_ctrl_0' has no destination
WARN  (PA1001) : Dangling net 'DO_5[14]'(source:'mem_mem_0_6_s') in module 'ao_mem_ctrl_0' has no destination
WARN  (PA1001) : Dangling net 'DO_5[15]'(source:'mem_mem_0_6_s') in module 'ao_mem_ctrl_0' has no destination
WARN  (PA1001) : Dangling net 'DO_5[16]'(source:'mem_mem_0_6_s') in module 'ao_mem_ctrl_0' has no destination
WARN  (PA1001) : Dangling net 'DO_5[17]'(source:'mem_mem_0_6_s') in module 'ao_mem_ctrl_0' has no destination
WARN  (PA1001) : Dangling net 'DO_5[18]'(source:'mem_mem_0_6_s') in module 'ao_mem_ctrl_0' has no destination
WARN  (PA1001) : Dangling net 'DO_5[19]'(source:'mem_mem_0_6_s') in module 'ao_mem_ctrl_0' has no destination
WARN  (PA1001) : Dangling net 'DO_5[20]'(source:'mem_mem_0_6_s') in module 'ao_mem_ctrl_0' has no destination
WARN  (PA1001) : Dangling net 'DO_5[21]'(source:'mem_mem_0_6_s') in module 'ao_mem_ctrl_0' has no destination
WARN  (PA1001) : Dangling net 'DO_5[22]'(source:'mem_mem_0_6_s') in module 'ao_mem_ctrl_0' has no destination
WARN  (PA1001) : Dangling net 'DO_5[23]'(source:'mem_mem_0_6_s') in module 'ao_mem_ctrl_0' has no destination
WARN  (PA1001) : Dangling net 'DO_5[24]'(source:'mem_mem_0_6_s') in module 'ao_mem_ctrl_0' has no destination
WARN  (PA1001) : Dangling net 'DO_5[25]'(source:'mem_mem_0_6_s') in module 'ao_mem_ctrl_0' has no destination
WARN  (PA1001) : Dangling net 'DO_5[26]'(source:'mem_mem_0_6_s') in module 'ao_mem_ctrl_0' has no destination
WARN  (PA1001) : Dangling net 'DO_5[27]'(source:'mem_mem_0_6_s') in module 'ao_mem_ctrl_0' has no destination
WARN  (PA1001) : Dangling net 'DO_5[28]'(source:'mem_mem_0_6_s') in module 'ao_mem_ctrl_0' has no destination
WARN  (PA1001) : Dangling net 'DO_5[29]'(source:'mem_mem_0_6_s') in module 'ao_mem_ctrl_0' has no destination
WARN  (PA1001) : Dangling net 'DO_5[30]'(source:'mem_mem_0_6_s') in module 'ao_mem_ctrl_0' has no destination
WARN  (PA1001) : Dangling net 'DO_5[31]'(source:'mem_mem_0_6_s') in module 'ao_mem_ctrl_0' has no destination
WARN  (PA1001) : Dangling net 'DO_6[2]'(source:'mem_mem_0_7_s') in module 'ao_mem_ctrl_0' has no destination
WARN  (PA1001) : Dangling net 'DO_6[3]'(source:'mem_mem_0_7_s') in module 'ao_mem_ctrl_0' has no destination
WARN  (PA1001) : Dangling net 'DO_6[4]'(source:'mem_mem_0_7_s') in module 'ao_mem_ctrl_0' has no destination
WARN  (PA1001) : Dangling net 'DO_6[5]'(source:'mem_mem_0_7_s') in module 'ao_mem_ctrl_0' has no destination
WARN  (PA1001) : Dangling net 'DO_6[6]'(source:'mem_mem_0_7_s') in module 'ao_mem_ctrl_0' has no destination
WARN  (PA1001) : Dangling net 'DO_6[7]'(source:'mem_mem_0_7_s') in module 'ao_mem_ctrl_0' has no destination
WARN  (PA1001) : Dangling net 'DO_6[8]'(source:'mem_mem_0_7_s') in module 'ao_mem_ctrl_0' has no destination
WARN  (PA1001) : Dangling net 'DO_6[9]'(source:'mem_mem_0_7_s') in module 'ao_mem_ctrl_0' has no destination
WARN  (PA1001) : Dangling net 'DO_6[10]'(source:'mem_mem_0_7_s') in module 'ao_mem_ctrl_0' has no destination
WARN  (PA1001) : Dangling net 'DO_6[11]'(source:'mem_mem_0_7_s') in module 'ao_mem_ctrl_0' has no destination
WARN  (PA1001) : Dangling net 'DO_6[12]'(source:'mem_mem_0_7_s') in module 'ao_mem_ctrl_0' has no destination
WARN  (PA1001) : Dangling net 'DO_6[13]'(source:'mem_mem_0_7_s') in module 'ao_mem_ctrl_0' has no destination
WARN  (PA1001) : Dangling net 'DO_6[14]'(source:'mem_mem_0_7_s') in module 'ao_mem_ctrl_0' has no destination
WARN  (PA1001) : Dangling net 'DO_6[15]'(source:'mem_mem_0_7_s') in module 'ao_mem_ctrl_0' has no destination
WARN  (PA1001) : Dangling net 'DO_6[16]'(source:'mem_mem_0_7_s') in module 'ao_mem_ctrl_0' has no destination
WARN  (PA1001) : Dangling net 'DO_6[17]'(source:'mem_mem_0_7_s') in module 'ao_mem_ctrl_0' has no destination
WARN  (PA1001) : Dangling net 'DO_6[18]'(source:'mem_mem_0_7_s') in module 'ao_mem_ctrl_0' has no destination
WARN  (PA1001) : Dangling net 'DO_6[19]'(source:'mem_mem_0_7_s') in module 'ao_mem_ctrl_0' has no destination
WARN  (PA1001) : Dangling net 'DO_6[20]'(source:'mem_mem_0_7_s') in module 'ao_mem_ctrl_0' has no destination
WARN  (PA1001) : Dangling net 'DO_6[21]'(source:'mem_mem_0_7_s') in module 'ao_mem_ctrl_0' has no destination
WARN  (PA1001) : Dangling net 'DO_6[22]'(source:'mem_mem_0_7_s') in module 'ao_mem_ctrl_0' has no destination
WARN  (PA1001) : Dangling net 'DO_6[23]'(source:'mem_mem_0_7_s') in module 'ao_mem_ctrl_0' has no destination
WARN  (PA1001) : Dangling net 'DO_6[24]'(source:'mem_mem_0_7_s') in module 'ao_mem_ctrl_0' has no destination
WARN  (PA1001) : Dangling net 'DO_6[25]'(source:'mem_mem_0_7_s') in module 'ao_mem_ctrl_0' has no destination
WARN  (PA1001) : Dangling net 'DO_6[26]'(source:'mem_mem_0_7_s') in module 'ao_mem_ctrl_0' has no destination
WARN  (PA1001) : Dangling net 'DO_6[27]'(source:'mem_mem_0_7_s') in module 'ao_mem_ctrl_0' has no destination
WARN  (PA1001) : Dangling net 'DO_6[28]'(source:'mem_mem_0_7_s') in module 'ao_mem_ctrl_0' has no destination
WARN  (PA1001) : Dangling net 'DO_6[29]'(source:'mem_mem_0_7_s') in module 'ao_mem_ctrl_0' has no destination
WARN  (PA1001) : Dangling net 'DO_6[30]'(source:'mem_mem_0_7_s') in module 'ao_mem_ctrl_0' has no destination
WARN  (PA1001) : Dangling net 'DO_6[31]'(source:'mem_mem_0_7_s') in module 'ao_mem_ctrl_0' has no destination
WARN  (PA1001) : Dangling net 'DO_7[2]'(source:'mem_mem_0_8_s') in module 'ao_mem_ctrl_0' has no destination
WARN  (PA1001) : Dangling net 'DO_7[3]'(source:'mem_mem_0_8_s') in module 'ao_mem_ctrl_0' has no destination
WARN  (PA1001) : Dangling net 'DO_7[4]'(source:'mem_mem_0_8_s') in module 'ao_mem_ctrl_0' has no destination
WARN  (PA1001) : Dangling net 'DO_7[5]'(source:'mem_mem_0_8_s') in module 'ao_mem_ctrl_0' has no destination
WARN  (PA1001) : Dangling net 'DO_7[6]'(source:'mem_mem_0_8_s') in module 'ao_mem_ctrl_0' has no destination
WARN  (PA1001) : Dangling net 'DO_7[7]'(source:'mem_mem_0_8_s') in module 'ao_mem_ctrl_0' has no destination
WARN  (PA1001) : Dangling net 'DO_7[8]'(source:'mem_mem_0_8_s') in module 'ao_mem_ctrl_0' has no destination
WARN  (PA1001) : Dangling net 'DO_7[9]'(source:'mem_mem_0_8_s') in module 'ao_mem_ctrl_0' has no destination
WARN  (PA1001) : Dangling net 'DO_7[10]'(source:'mem_mem_0_8_s') in module 'ao_mem_ctrl_0' has no destination
WARN  (PA1001) : Dangling net 'DO_7[11]'(source:'mem_mem_0_8_s') in module 'ao_mem_ctrl_0' has no destination
WARN  (PA1001) : Dangling net 'DO_7[12]'(source:'mem_mem_0_8_s') in module 'ao_mem_ctrl_0' has no destination
WARN  (PA1001) : Dangling net 'DO_7[13]'(source:'mem_mem_0_8_s') in module 'ao_mem_ctrl_0' has no destination
WARN  (PA1001) : Dangling net 'DO_7[14]'(source:'mem_mem_0_8_s') in module 'ao_mem_ctrl_0' has no destination
WARN  (PA1001) : Dangling net 'DO_7[15]'(source:'mem_mem_0_8_s') in module 'ao_mem_ctrl_0' has no destination
WARN  (PA1001) : Dangling net 'DO_7[16]'(source:'mem_mem_0_8_s') in module 'ao_mem_ctrl_0' has no destination
WARN  (PA1001) : Dangling net 'DO_7[17]'(source:'mem_mem_0_8_s') in module 'ao_mem_ctrl_0' has no destination
WARN  (PA1001) : Dangling net 'DO_7[18]'(source:'mem_mem_0_8_s') in module 'ao_mem_ctrl_0' has no destination
WARN  (PA1001) : Dangling net 'DO_7[19]'(source:'mem_mem_0_8_s') in module 'ao_mem_ctrl_0' has no destination
WARN  (PA1001) : Dangling net 'DO_7[20]'(source:'mem_mem_0_8_s') in module 'ao_mem_ctrl_0' has no destination
WARN  (PA1001) : Dangling net 'DO_7[21]'(source:'mem_mem_0_8_s') in module 'ao_mem_ctrl_0' has no destination
WARN  (PA1001) : Dangling net 'DO_7[22]'(source:'mem_mem_0_8_s') in module 'ao_mem_ctrl_0' has no destination
WARN  (PA1001) : Dangling net 'DO_7[23]'(source:'mem_mem_0_8_s') in module 'ao_mem_ctrl_0' has no destination
WARN  (PA1001) : Dangling net 'DO_7[24]'(source:'mem_mem_0_8_s') in module 'ao_mem_ctrl_0' has no destination
WARN  (PA1001) : Dangling net 'DO_7[25]'(source:'mem_mem_0_8_s') in module 'ao_mem_ctrl_0' has no destination
WARN  (PA1001) : Dangling net 'DO_7[26]'(source:'mem_mem_0_8_s') in module 'ao_mem_ctrl_0' has no destination
WARN  (PA1001) : Dangling net 'DO_7[27]'(source:'mem_mem_0_8_s') in module 'ao_mem_ctrl_0' has no destination
WARN  (PA1001) : Dangling net 'DO_7[28]'(source:'mem_mem_0_8_s') in module 'ao_mem_ctrl_0' has no destination
WARN  (PA1001) : Dangling net 'DO_7[29]'(source:'mem_mem_0_8_s') in module 'ao_mem_ctrl_0' has no destination
WARN  (PA1001) : Dangling net 'DO_7[30]'(source:'mem_mem_0_8_s') in module 'ao_mem_ctrl_0' has no destination
WARN  (PA1001) : Dangling net 'DO_7[31]'(source:'mem_mem_0_8_s') in module 'ao_mem_ctrl_0' has no destination
WARN  (PA1001) : Dangling net 'DO_8[1]'(source:'mem_mem_0_9_s') in module 'ao_mem_ctrl_0' has no destination
WARN  (PA1001) : Dangling net 'DO_8[2]'(source:'mem_mem_0_9_s') in module 'ao_mem_ctrl_0' has no destination
WARN  (PA1001) : Dangling net 'DO_8[3]'(source:'mem_mem_0_9_s') in module 'ao_mem_ctrl_0' has no destination
WARN  (PA1001) : Dangling net 'DO_8[4]'(source:'mem_mem_0_9_s') in module 'ao_mem_ctrl_0' has no destination
WARN  (PA1001) : Dangling net 'DO_8[5]'(source:'mem_mem_0_9_s') in module 'ao_mem_ctrl_0' has no destination
WARN  (PA1001) : Dangling net 'DO_8[6]'(source:'mem_mem_0_9_s') in module 'ao_mem_ctrl_0' has no destination
WARN  (PA1001) : Dangling net 'DO_8[7]'(source:'mem_mem_0_9_s') in module 'ao_mem_ctrl_0' has no destination
WARN  (PA1001) : Dangling net 'DO_8[8]'(source:'mem_mem_0_9_s') in module 'ao_mem_ctrl_0' has no destination
WARN  (PA1001) : Dangling net 'DO_8[9]'(source:'mem_mem_0_9_s') in module 'ao_mem_ctrl_0' has no destination
WARN  (PA1001) : Dangling net 'DO_8[10]'(source:'mem_mem_0_9_s') in module 'ao_mem_ctrl_0' has no destination
WARN  (PA1001) : Dangling net 'DO_8[11]'(source:'mem_mem_0_9_s') in module 'ao_mem_ctrl_0' has no destination
WARN  (PA1001) : Dangling net 'DO_8[12]'(source:'mem_mem_0_9_s') in module 'ao_mem_ctrl_0' has no destination
WARN  (PA1001) : Dangling net 'DO_8[13]'(source:'mem_mem_0_9_s') in module 'ao_mem_ctrl_0' has no destination
WARN  (PA1001) : Dangling net 'DO_8[14]'(source:'mem_mem_0_9_s') in module 'ao_mem_ctrl_0' has no destination
WARN  (PA1001) : Dangling net 'DO_8[15]'(source:'mem_mem_0_9_s') in module 'ao_mem_ctrl_0' has no destination
WARN  (PA1001) : Dangling net 'DO_8[16]'(source:'mem_mem_0_9_s') in module 'ao_mem_ctrl_0' has no destination
WARN  (PA1001) : Dangling net 'DO_8[17]'(source:'mem_mem_0_9_s') in module 'ao_mem_ctrl_0' has no destination
WARN  (PA1001) : Dangling net 'DO_8[18]'(source:'mem_mem_0_9_s') in module 'ao_mem_ctrl_0' has no destination
WARN  (PA1001) : Dangling net 'DO_8[19]'(source:'mem_mem_0_9_s') in module 'ao_mem_ctrl_0' has no destination
WARN  (PA1001) : Dangling net 'DO_8[20]'(source:'mem_mem_0_9_s') in module 'ao_mem_ctrl_0' has no destination
WARN  (PA1001) : Dangling net 'DO_8[21]'(source:'mem_mem_0_9_s') in module 'ao_mem_ctrl_0' has no destination
WARN  (PA1001) : Dangling net 'DO_8[22]'(source:'mem_mem_0_9_s') in module 'ao_mem_ctrl_0' has no destination
WARN  (PA1001) : Dangling net 'DO_8[23]'(source:'mem_mem_0_9_s') in module 'ao_mem_ctrl_0' has no destination
WARN  (PA1001) : Dangling net 'DO_8[24]'(source:'mem_mem_0_9_s') in module 'ao_mem_ctrl_0' has no destination
WARN  (PA1001) : Dangling net 'DO_8[25]'(source:'mem_mem_0_9_s') in module 'ao_mem_ctrl_0' has no destination
WARN  (PA1001) : Dangling net 'DO_8[26]'(source:'mem_mem_0_9_s') in module 'ao_mem_ctrl_0' has no destination
WARN  (PA1001) : Dangling net 'DO_8[27]'(source:'mem_mem_0_9_s') in module 'ao_mem_ctrl_0' has no destination
WARN  (PA1001) : Dangling net 'DO_8[28]'(source:'mem_mem_0_9_s') in module 'ao_mem_ctrl_0' has no destination
WARN  (PA1001) : Dangling net 'DO_8[29]'(source:'mem_mem_0_9_s') in module 'ao_mem_ctrl_0' has no destination
WARN  (PA1001) : Dangling net 'DO_8[30]'(source:'mem_mem_0_9_s') in module 'ao_mem_ctrl_0' has no destination
WARN  (PA1001) : Dangling net 'DO_8[31]'(source:'mem_mem_0_9_s') in module 'ao_mem_ctrl_0' has no destination
Processing netlist completed
Reading constraint file: "C:\SAFE-FIELD\fpga\tp4-audio-inmp441\src\safe_field_debug.cst"
Physical Constraint parsed completed
Running placement......
[10%] Placement Phase 0 completed
[20%] Placement Phase 1 completed
[30%] Placement Phase 2 completed
WARN  (TA1117) : Can't calculate clocks' relationship between: "i2s_ws_clk" and "sys_clk"
WARN  (TA1117) : Can't calculate clocks' relationship between: "sys_clk" and "energy_capture_clk"
[50%] Placement Phase 3 completed
Running routing......
[60%] Routing Phase 0 completed
[70%] Routing Phase 1 completed
[80%] Routing Phase 2 completed
WARN  (PR1014) : Generic routing resource will be used to clock signal 'sys_clk_d' by the specified constraint. And then it may lead to the excessive delay or skew
[90%] Routing Phase 3 completed
Running timing analysis......
[95%] Timing analysis completed
Placement and routing completed
Bitstream generation in progress......
Bitstream generation completed
Running power analysis......
[100%] Power analysis completed
Generate file "C:\SAFE-FIELD\fpga\tp4-audio-inmp441\build\energy_calibration_capture\impl\pnr\energy_calibration_capture.power.html" completed
Generate file "C:\SAFE-FIELD\fpga\tp4-audio-inmp441\build\energy_calibration_capture\impl\pnr\energy_calibration_capture.pin.html" completed
Generate file "C:\SAFE-FIELD\fpga\tp4-audio-inmp441\build\energy_calibration_capture\impl\pnr\energy_calibration_capture.rpt.html" completed
Generate file "C:\SAFE-FIELD\fpga\tp4-audio-inmp441\build\energy_calibration_capture\impl\pnr\energy_calibration_capture.rpt.txt" completed
Generate file "C:\SAFE-FIELD\fpga\tp4-audio-inmp441\build\energy_calibration_capture\impl\pnr\energy_calibration_capture.tr.html" completed
Generate file "C:\SAFE-FIELD\fpga\tp4-audio-inmp441\build\energy_calibration_capture\impl\pnr\energy_calibration_capture.tr" completed
Fri Sep  4 11:15:45 2026

