{
  "physical": true,
  "baud": 1500000,
  "requested_duration_s": 30.0,
  "elapsed_duration_s": 30.00433529599991,
  "duration_reached": true,
  "commands_sent": 30,
  "responses": 30,
  "command_failures": 0,
  "command_losses": 0,
  "response_sequence_mismatches": 0,
  "response_sequence_losses": 0,
  "response_crc_errors": 0,
  "raw24_frames": 39554,
  "raw24_sequence_losses": 0,
  "raw24_source_counter_losses": 0,
  "raw24_source_counter_discontinuities": 0,
  "raw24_crc_errors": 0,
  "raw24_format_errors": 0,
  "command_seen_flag": true,
  "command_checksum_error_flag": false,
  "command_framing_error_flag": false,
  "uart_rx_low_seen_flag": true,
  "i2s_frame_error_flags": false,
  "transport_overrun_flags": false,
  "rtt_mean_us": 1813.0719333333334,
  "rtt_median_us": 1601.424,
  "rtt_p95_us": 3798.866,
  "throughput_responses_s": 0.9998555110134206,
  "throughput_commands_s": 0.9998555110134206,
  "csv": "evidence/raspberry_native/tp5_uart_stability_probe30s_chunked.csv",
  "pass": true
}
